Archive member included to satisfy reference by file (symbol)

C:/devkitPro/nflib/lib\libnflib.a(nf_2d.o)
                              main.o (NF_Set2D)
C:/devkitPro/nflib/lib\libnflib.a(nf_basic.o)
                              C:/devkitPro/nflib/lib\libnflib.a(nf_2d.o) (NF_Error)
C:/devkitPro/nflib/lib\libnflib.a(nf_sprite256.o)
                              main.o (NF_InitSpriteBuffers)
C:/devkitPro/nflib/lib\libnflib.a(nf_text.o)
                              main.o (NF_InitTextSys)
C:/devkitPro/nflib/lib\libnflib.a(nf_tiledbg.o)
                              main.o (NF_InitTiledBgBuffers)
C:/devkitPro/libnds/lib\libfilesystem.a(nitrofs.o)
                              main.o (nitroFSInit)
C:/devkitPro/libnds/lib\libfat.a(libfat.o)
                              C:/devkitPro/libnds/lib\libfilesystem.a(nitrofs.o) (fatInitDefault)
C:/devkitPro/libnds/lib\libfat.a(disc.o)
                              C:/devkitPro/libnds/lib\libfat.a(libfat.o) (_FAT_disc_interfaces)
C:/devkitPro/libnds/lib\libfat.a(fatfile.o)
                              C:/devkitPro/libnds/lib\libfat.a(libfat.o) (_FAT_open_r)
C:/devkitPro/libnds/lib\libfat.a(cache.o)
                              C:/devkitPro/libnds/lib\libfat.a(fatfile.o) (_FAT_cache_readSectors)
C:/devkitPro/libnds/lib\libfat.a(fatdir.o)
                              C:/devkitPro/libnds/lib\libfat.a(libfat.o) (_FAT_stat_r)
C:/devkitPro/libnds/lib\libfat.a(directory.o)
                              C:/devkitPro/libnds/lib\libfat.a(fatfile.o) (_FAT_directory_entryGetCluster)
C:/devkitPro/libnds/lib\libfat.a(partition.o)
                              C:/devkitPro/libnds/lib\libfat.a(libfat.o) (_FAT_partition_destructor)
C:/devkitPro/libnds/lib\libfat.a(lock.o)
                              C:/devkitPro/libnds/lib\libfat.a(partition.o) (_FAT_lock_init)
C:/devkitPro/libnds/lib\libfat.a(filetime.o)
                              C:/devkitPro/libnds/lib\libfat.a(fatfile.o) (_FAT_filetime_getTimeFromRTC)
C:/devkitPro/libnds/lib\libfat.a(file_allocation_table.o)
                              C:/devkitPro/libnds/lib\libfat.a(fatfile.o) (_FAT_fat_nextCluster)
C:/devkitPro/libnds/lib\libnds9.a(console.o)
                              main.o (consoleDemoInit)
C:/devkitPro/libnds/lib\libnds9.a(keys.o)
                              main.o (scanKeys)
C:/devkitPro/libnds/lib\libnds9.a(sprite.o)
                              C:/devkitPro/nflib/lib\libnflib.a(nf_sprite256.o) (oamInit)
C:/devkitPro/libnds/lib\libnds9.a(touch.o)
                              main.o (touchRead)
C:/devkitPro/libnds/lib\libnds9.a(trig.o)
                              C:/devkitPro/libnds/lib\libnds9.a(sprite.o) (sinLerp)
C:/devkitPro/libnds/lib\libnds9.a(video.o)
                              C:/devkitPro/nflib/lib\libnflib.a(nf_basic.o) (setBrightness)
C:/devkitPro/libnds/lib\libnds9.a(dldi.o)
                              C:/devkitPro/libnds/lib\libfat.a(disc.o) (dldiGetInternal)
C:/devkitPro/libnds/lib\libnds9.a(sd.twl.o)
                              C:/devkitPro/libnds/lib\libnds9.a(dldi.o) (__io_dsisd)
C:/devkitPro/libnds/lib\libnds9.a(initSystem.o)
                              C:/devkitPro/devkitARM/bin/../lib/gcc/arm-none-eabi/14.2.0/../../../../arm-none-eabi/lib/thumb/ds_arm9_crt0.o (initSystem)
C:/devkitPro/libnds/lib\libnds9.a(securearea.o)
                              C:/devkitPro/devkitARM/bin/../lib/gcc/arm-none-eabi/14.2.0/../../../../arm-none-eabi/lib/thumb/ds_arm9_crt0.o (__secure_area__)
C:/devkitPro/libnds/lib\libnds9.a(card.o)
                              C:/devkitPro/libnds/lib\libfilesystem.a(nitrofs.o) (cardParamCommand)
C:/devkitPro/libnds/lib\libnds9.a(fifosystem.o)
                              C:/devkitPro/libnds/lib\libnds9.a(initSystem.o) (fifoSetValue32Handler)
C:/devkitPro/libnds/lib\libnds9.a(interrupts.o)
                              C:/devkitPro/libnds/lib\libnds9.a(fifosystem.o) (irqSet)
C:/devkitPro/libnds/lib\libnds9.a(libnds_exit.arm.o)
                              C:/devkitPro/devkitARM/bin/../lib/gcc/arm-none-eabi/14.2.0/../../../../arm-none-eabi/lib/thumb/ds_arm9_crt0.o (__libnds_exit)
C:/devkitPro/libnds/lib\libnds9.a(dcache.o)
                              C:/devkitPro/nflib/lib\libnflib.a(nf_basic.o) (DC_FlushRange)
C:/devkitPro/libnds/lib\libnds9.a(dldi_stub.o)
                              C:/devkitPro/libnds/lib\libnds9.a(dldi.o) (_io_dldi_stub)
C:/devkitPro/libnds/lib\libnds9.a(cpu_clock.o)
                              C:/devkitPro/libnds/lib\libnds9.a(initSystem.o) (setCpuClock)
C:/devkitPro/libnds/lib\libnds9.a(IntrWait.o)
                              main.o (swiWaitForVBlank)
C:/devkitPro/libnds/lib\libnds9.a(mpu_setup.o)
                              C:/devkitPro/devkitARM/bin/../lib/gcc/arm-none-eabi/14.2.0/../../../../arm-none-eabi/lib/thumb/ds_arm9_crt0.o (__libnds_mpu_setup)
C:/devkitPro/libnds/lib\libnds9.a(biosCalls.o)
                              C:/devkitPro/libnds/lib\libnds9.a(card.o) (swiDelay)
[...]
Memory Configuration

Name             Origin             Length             Attributes
ewram            0x02000000         0x00380000
dtcm             0x02ff0000         0x00004000
vectors          0x01000000         0x00000100
itcm             0x01000100         0x00007f00
*default*        0x00000000         0xffffffff

Linker script and memory map

                0x00000000                        __sync_synchronize = __sync_synchronize_none
                0x02380000                        __ewram_end = (ORIGIN (ewram) + LENGTH (ewram))
                0x02380000                        __eheap_end = (ORIGIN (ewram) + LENGTH (ewram))
                0x02ff4000                        __dtcm_top = (ORIGIN (dtcm) + LENGTH (dtcm))
                0x02ff3ff8                        __irq_flags = (__dtcm_top - 0x8)
                0x02ff3ffc                        __irq_vector = (__dtcm_top - 0x4)
                0x02ff3f00                        __sp_svc = (__dtcm_top - 0x100)
                0x02ff3e00                        __sp_irq = (__sp_svc - 0x100)
                0x02ff3d00                        __sp_usr = (__sp_irq - 0x100)

.secure         0x02000000      0x800
 *(.secure)
 .secure        0x02000000      0x800 C:/devkitPro/libnds/lib\libnds9.a(securearea.o)
                0x02000000                __secure_area__

.crt0           0x02000800      0x300
                0x02000800                        __text_start = .
 *(.crt0)
 .crt0          0x02000800      0x300 C:/devkitPro/devkitARM/bin/../lib/gcc/arm-none-eabi/14.2.0/../../../../arm-none-eabi/lib/thumb/ds_arm9_crt0.o
                0x02000800                _start
                0x02000b00                        . = ALIGN (0x4)

.plt
 *(.plt)

.init           0x02000b00        0xc
 *(SORT_NONE(.init))
 .init          0x02000b00        0x4 C:/devkitPro/devkitARM/bin/../lib/gcc/arm-none-eabi/14.2.0/thumb/crti.o
                0x02000b00                _init
 .init          0x02000b04        0x8 C:/devkitPro/devkitARM/bin/../lib/gcc/arm-none-eabi/14.2.0/thumb/crtn.o

.text           0x02000b40    0x1e2c0
 *(EXCLUDE_FILE(*.twl* *.vectors* *.itcm*) .text)
 .text          0x02000b40      0x694 main.o
                0x02000b40                randomiseApple
                0x02000c1c                initialise_apple
                0x02000c88                checkCollisions
                0x02000d10                initialise_bg
                0x02000e04                initialise_sprite
                0x02000e94                increaseLength
                0x02000f34                appleCollisions
                0x02000f8c                death
                0x02000fa4                moveTick
                0x0200104c                move
                0x0200119c                move_sprites
 .text          0x020011d4      0x65c C:/devkitPro/nflib/lib\libnflib.a(nf_2d.o)
                0x020011d4                NF_Set2D
                0x02001238                NF_ShowBg
                0x020012ac                NF_HideBg
                0x02001348                NF_ScrollBg
                0x02001644                NF_SpriteFrame
                0x020016fc                NF_EnableSpriteRotScale
                0x02001768                NF_DisableSpriteRotScale
                0x020017c4                NF_SpriteRotScale
 .text          0x02001830      0x624 C:/devkitPro/nflib/lib\libnflib.a(nf_basic.o)
                0x02001830                NF_Error
                0x02001b18                NF_SetRootFolder
                0x02001cf4                NF_DmaMemCopy
                0x02001d78                NF_FileLoad
                0x02001e24                NF_FileExists
 .text          0x02001e54      0xf6c C:/devkitPro/nflib/lib\libnflib.a(nf_sprite256.o)
                0x02001e54                NF_InitSpriteBuffers
                0x02001eb0                NF_ResetSpriteBuffers
                0x02001ee4                NF_InitSpriteSys
                0x020020e8                NF_LoadSpriteGfx
                0x02002180                NF_UnloadSpriteGfx
                0x020021e4                NF_LoadSpritePal
                0x02002264                NF_UnloadSpritePal
                0x020022c0                NF_VramSpriteGfx
                0x02002558                NF_VramSpriteGfxDefrag
                0x02002774                NF_FreeSpriteGfx
                0x02002850                NF_VramSpritePal
                0x02002900                NF_CreateSprite
                0x02002ac8                NF_DeleteSprite
                0x02002b48                NF_SpriteOamSet
                0x02002c0c                NF_SpriteSetPalColor
                0x02002c8c                NF_SpriteEditPalColor
                0x02002ce0                NF_SpriteUpdatePalette
                0x02002d68                NF_SpriteGetPalColor
 .text          0x02002dc0      0x6e8 C:/devkitPro/nflib/lib\libnflib.a(nf_text.o)
                0x02002dc0                NF_InitTextSys
                0x02002df4                NF_LoadTextFont
                0x02002fc4                NF_UnloadTextFont
                0x02002fcc                NF_CreateTextLayer
                0x02003058                NF_DeleteTextLayer
                0x02003090                NF_WriteText
                0x02003388                NF_UpdateTextLayers
                0x020033d4                NF_ClearTextLayer
                0x02003420                NF_DefineTextColor
 .text          0x020034a8     0x154c C:/devkitPro/nflib/lib\libnflib.a(nf_tiledbg.o)
                0x020034a8                NF_InitTiledBgBuffers
                0x0200353c                NF_ResetTiledBgBuffers
                0x02003598                NF_InitTiledBgSys
                0x020036f8                NF_LoadTiledBg
                0x020038a4                NF_LoadTilesForBg
                0x02003a78                NF_UnloadTiledBg
                0x02003b14                NF_DeleteTiledBg
                0x02003ca0                NF_CreateTiledBg
                0x0200420c                NF_GetTileMapAddress
                0x02004294                NF_GetTileOfMap
                0x020042d0                NF_SetTileOfMap
                0x02004310                NF_UpdateVramMap
                0x02004408                NF_BgSetPalColor
                0x0200449c                NF_BgEditPalColor
                0x02004508                NF_BgUpdatePalette
                0x020045ac                NF_BgGetPalColor
                0x0200461c                NF_GetTilePal
                0x02004650                NF_SetTilePal
                0x02004690                NF_LoadExBgPal
                0x020046f0                NF_UnloadExBgPal
                0x02004734                NF_VramExBgPal
                0x020047c0                NF_SetExBgPal
                0x02004880                NF_SetTileHflip
                0x020048b8                NF_SetTileVflip
                0x020048f0                NF_RotateTileGfx
 *fill*         0x020049f4        0xc ff
 .text          0x02004a00     0x4000 C:/devkitPro/libnds/lib\libnds9.a(dldi_stub.o)
                0x02004a00                _io_dldi_stub
 .text          0x02008a00      0x11c C:/devkitPro/devkitARM/bin/../lib/gcc/arm-none-eabi/14.2.0/thumb\libgcc.a(_udivsi3.o)
                0x02008a00                __aeabi_uidiv
                0x02008a00                __udivsi3
                0x02008afc                __aeabi_uidivmod
 .text          0x02008b1c      0x150 C:/devkitPro/devkitARM/bin/../lib/gcc/arm-none-eabi/14.2.0/thumb\libgcc.a(_divsi3.o)
                0x02008b1c                __divsi3
                0x02008b1c                __aeabi_idiv
                0x02008c4c                __aeabi_idivmod
 .text          0x02008c6c        0x4 C:/devkitPro/devkitARM/bin/../lib/gcc/arm-none-eabi/14.2.0/thumb\libgcc.a(_dvmd_tls.o)
                0x02008c6c                __aeabi_idiv0
                0x02008c6c                __aeabi_ldiv0
 .text          0x02008c70      0x424 C:/devkitPro/devkitARM/bin/../lib/gcc/arm-none-eabi/14.2.0/thumb\libgcc.a(_arm_addsubdf3.o)
                0x02008c70                __aeabi_drsub
                0x02008c78                __aeabi_dsub
                0x02008c78                __subdf3
                0x02008c7c                __aeabi_dadd
                0x02008c7c                __adddf3
                0x02008f8c                __floatunsidf
                0x02008f8c                __aeabi_ui2d
                0x02008fb0                __floatsidf
                0x02008fb0                __aeabi_i2d
                0x02008fd8                __aeabi_f2d
                0x02008fd8                __extendsfdf2
                0x02009020                __floatundidf
                0x02009020                __aeabi_ul2d
                0x02009034                __floatdidf
                0x02009034                __aeabi_l2d
 .text          0x02009094       0x5c C:/devkitPro/devkitARM/bin/../lib/gcc/arm-none-eabi/14.2.0/thumb\libgcc.a(_arm_fixdfsi.o)
                0x02009094                __aeabi_d2iz
                0x02009094                __fixdfsi
 .text          0x020090f0       0xd4 C:/devkitPro/devkitARM/bin/../lib/gcc/arm-none-eabi/14.2.0/thumb\libgcc.a(_aeabi_ldivmod.o)
                0x020090f0                __aeabi_ldivmod
 .text          0x020091c4       0x28 C:/devkitPro/devkitARM/bin/../lib/gcc/arm-none-eabi/14.2.0/thumb\libgcc.a(_clzdi2.o)
                0x020091c4                __clzdi2
 .text          0x020091ec       0x48 C:/devkitPro/devkitARM/bin/../lib/gcc/arm-none-eabi/14.2.0/thumb\libgcc.a(_clzsi2.o)
                0x020091ec                __clzsi2
 .text          0x02009234      0x224 C:/devkitPro/devkitARM/bin/../lib/gcc/arm-none-eabi/14.2.0/../../../../arm-none-eabi/lib/thumb\libg.a(libc_a-strcmp.o)
                0x02009234                strcmp
 .text          0x02009458       0x14 C:/devkitPro/devkitARM/bin/../lib/gcc/arm-none-eabi/14.2.0/thumb\libgcc.a(_thumb1_case_uqi.o)
                0x02009458                __gnu_thumb1_case_uqi
 .text          0x0200946c       0x14 C:/devkitPro/devkitARM/bin/../lib/gcc/arm-none-eabi/14.2.0/thumb\libgcc.a(_thumb1_case_uhi.o)
                0x0200946c                __gnu_thumb1_case_uhi
 .text          0x02009480      0x49c C:/devkitPro/devkitARM/bin/../lib/gcc/arm-none-eabi/14.2.0/thumb\libgcc.a(_arm_muldivdf3.o)
                0x02009480                __aeabi_dmul
                0x02009480                __muldf3
                0x02009710                __divdf3
                0x02009710                __aeabi_ddiv
 .text          0x0200991c      0x144 C:/devkitPro/devkitARM/bin/../lib/gcc/arm-none-eabi/14.2.0/thumb\libgcc.a(_arm_cmpdf2.o)
                0x0200991c                __gtdf2
                0x0200991c                __gedf2
                0x02009924                __ltdf2
                0x02009924                __ledf2
                0x0200992c                __nedf2
                0x0200992c                __eqdf2
                0x0200992c                __cmpdf2
                0x020099b4                __aeabi_cdrcmple
                0x020099d0                __aeabi_cdcmpeq
                0x020099d0                __aeabi_cdcmple
                0x020099e8                __aeabi_dcmpeq
                0x02009a00                __aeabi_dcmplt
                0x02009a18                __aeabi_dcmple
                0x02009a30                __aeabi_dcmpge
                0x02009a48                __aeabi_dcmpgt
 .text          0x02009a60       0x38 C:/devkitPro/devkitARM/bin/../lib/gcc/arm-none-eabi/14.2.0/thumb\libgcc.a(_arm_unorddf2.o)
                0x02009a60                __unorddf2
                0x02009a60                __aeabi_dcmpun
 .text          0x02009a98       0x3c C:/devkitPro/devkitARM/bin/../lib/gcc/arm-none-eabi/14.2.0/thumb\libgcc.a(_aeabi_uldivmod.o)
                0x02009a98                __aeabi_uldivmod
 *(EXCLUDE_FILE(*.twl* *.vectors* *.itcm*) .stub)
 *(EXCLUDE_FILE(*.twl* *.vectors* *.itcm*) .text.*)
 .text.__do_global_dtors_aux
                0x02009ad4       0x2c C:/devkitPro/devkitARM/bin/../lib/gcc/arm-none-eabi/14.2.0/thumb/crtbegin.o
 .text.frame_dummy
                0x02009b00       0x24 C:/devkitPro/devkitARM/bin/../lib/gcc/arm-none-eabi/14.2.0/thumb/crtbegin.o
 .text.startup  0x02009b24      0x36c main.o
                0x02009b24                main
 .text.nitroFSDirClose
                0x02009e90        0x4 C:/devkitPro/libnds/lib\libfilesystem.a(nitrofs.o)
 .text.nitroFSSeek
                0x02009e94       0x78 C:/devkitPro/libnds/lib\libfilesystem.a(nitrofs.o)
 .text.nitroFSFstat
                0x02009f0c       0x10 C:/devkitPro/libnds/lib\libfilesystem.a(nitrofs.o)
 .text.nitroSubReadBlock
                0x02009f1c       0x54 C:/devkitPro/libnds/lib\libfilesystem.a(nitrofs.o)
 .text.nitroSubReadCard
                0x02009f70       0xb0 C:/devkitPro/libnds/lib\libfilesystem.a(nitrofs.o)
 .text.nitroFSClose
                0x0200a020        0x4 C:/devkitPro/libnds/lib\libfilesystem.a(nitrofs.o)
 .text.nitroDirReset
                0x0200a024       0x9c C:/devkitPro/libnds/lib\libfilesystem.a(nitrofs.o)
 .text.nitroFSRead
                0x0200a0c0       0xbc C:/devkitPro/libnds/lib\libfilesystem.a(nitrofs.o)
 .text.nitroFSDirNext
                0x0200a17c      0x30c C:/devkitPro/libnds/lib\libfilesystem.a(nitrofs.o)
 .text.nitroFSDirOpen
                0x0200a488       0xe0 C:/devkitPro/libnds/lib\libfilesystem.a(nitrofs.o)
 .text.nitroFSChdir
                0x0200a568       0x30 C:/devkitPro/libnds/lib\libfilesystem.a(nitrofs.o)
 .text.nitroFSOpen
                0x0200a598       0xc4 C:/devkitPro/libnds/lib\libfilesystem.a(nitrofs.o)
 .text.nitroFSstat
                0x0200a65c       0x68 C:/devkitPro/libnds/lib\libfilesystem.a(nitrofs.o)
 .text.nitroFSInit
                0x0200a6c4      0x12c C:/devkitPro/libnds/lib\libfilesystem.a(nitrofs.o)
                0x0200a6c4                nitroFSInit
 .text.fatMount.part.0
                0x0200a7f0       0xa0 C:/devkitPro/libnds/lib\libfat.a(libfat.o)
 .text.fatMount
                0x0200a890       0x3c C:/devkitPro/libnds/lib\libfat.a(libfat.o)
                0x0200a890                fatMount
 .text.fatInit  0x0200a8cc      0x130 C:/devkitPro/libnds/lib\libfat.a(libfat.o)
                0x0200a8cc                fatInit
 .text.fatInitDefault
                0x0200a9fc        0xc C:/devkitPro/libnds/lib\libfat.a(libfat.o)
                0x0200a9fc                fatInitDefault
 .text._FAT_check_position_for_next_cluster.part.0
                0x0200aa08       0x68 C:/devkitPro/libnds/lib\libfat.a(fatfile.o)
 .text._FAT_syncToDisc.part.0
                0x0200aa70       0xd4 C:/devkitPro/libnds/lib\libfat.a(fatfile.o)
 .text._FAT_file_extend_r
                0x0200ab44      0x208 C:/devkitPro/libnds/lib\libfat.a(fatfile.o)
 .text._FAT_open_r
                0x0200ad4c      0x2d4 C:/devkitPro/libnds/lib\libfat.a(fatfile.o)
                0x0200ad4c                _FAT_open_r
 .text._FAT_close_r
                0x0200b020       0x74 C:/devkitPro/libnds/lib\libfat.a(fatfile.o)
                0x0200b020                _FAT_close_r
 .text._FAT_read_r
                0x0200b094      0x398 C:/devkitPro/libnds/lib\libfat.a(fatfile.o)
                0x0200b094                _FAT_read_r
 .text._FAT_write_r
                0x0200b42c      0x53c C:/devkitPro/libnds/lib\libfat.a(fatfile.o)
                0x0200b42c                _FAT_write_r
 .text._FAT_seek_r
                0x0200b968      0x194 C:/devkitPro/libnds/lib\libfat.a(fatfile.o)
                0x0200b968                _FAT_seek_r
 .text._FAT_fstat_r
                0x0200bafc       0x8c C:/devkitPro/libnds/lib\libfat.a(fatfile.o)
                0x0200bafc                _FAT_fstat_r
 .text._FAT_ftruncate_r
                0x0200bb88      0x16c C:/devkitPro/libnds/lib\libfat.a(fatfile.o)
                0x0200bb88                _FAT_ftruncate_r
 .text._FAT_fsync_r
                0x0200bcf4       0x44 C:/devkitPro/libnds/lib\libfat.a(fatfile.o)
                0x0200bcf4                _FAT_fsync_r
 .text._FAT_cache_getPage
                0x0200bd38       0xf0 C:/devkitPro/libnds/lib\libfat.a(cache.o)
 .text._FAT_cache_constructor
                0x0200be28       0x90 C:/devkitPro/libnds/lib\libfat.a(cache.o)
                0x0200be28                _FAT_cache_constructor
 .text._FAT_cache_readSectors
                0x0200beb8       0x60 C:/devkitPro/libnds/lib\libfat.a(cache.o)
                0x0200beb8                _FAT_cache_readSectors
 .text._FAT_cache_readPartialSector
                0x0200bf18       0x3c C:/devkitPro/libnds/lib\libfat.a(cache.o)
                0x0200bf18                _FAT_cache_readPartialSector
 .text._FAT_cache_readLittleEndianValue
                0x0200bf54       0x70 C:/devkitPro/libnds/lib\libfat.a(cache.o)
                0x0200bf54                _FAT_cache_readLittleEndianValue
 .text._FAT_cache_writePartialSector
                0x0200bfc4       0x4c C:/devkitPro/libnds/lib\libfat.a(cache.o)
                0x0200bfc4                _FAT_cache_writePartialSector
 .text._FAT_cache_writeLittleEndianValue
                0x0200c010       0x8c C:/devkitPro/libnds/lib\libfat.a(cache.o)
                0x0200c010                _FAT_cache_writeLittleEndianValue
 .text._FAT_cache_eraseWritePartialSector
                0x0200c09c       0x60 C:/devkitPro/libnds/lib\libfat.a(cache.o)
                0x0200c09c                _FAT_cache_eraseWritePartialSector
 .text._FAT_cache_writeSectors
                0x0200c0fc       0x80 C:/devkitPro/libnds/lib\libfat.a(cache.o)
                0x0200c0fc                _FAT_cache_writeSectors
 .text._FAT_cache_flush
                0x0200c17c       0x40 C:/devkitPro/libnds/lib\libfat.a(cache.o)
                0x0200c17c                _FAT_cache_flush
 .text._FAT_stat_r
                0x0200c1bc       0x90 C:/devkitPro/libnds/lib\libfat.a(fatdir.o)
                0x0200c1bc                _FAT_stat_r
 .text._FAT_link_r
                0x0200c24c        0xc C:/devkitPro/libnds/lib\libfat.a(fatdir.o)
                0x0200c24c                _FAT_link_r
 .text._FAT_unlink_r
                0x0200c258      0x184 C:/devkitPro/libnds/lib\libfat.a(fatdir.o)
                0x0200c258                _FAT_unlink_r
 .text._FAT_chdir_r
                0x0200c3dc       0x70 C:/devkitPro/libnds/lib\libfat.a(fatdir.o)
                0x0200c3dc                _FAT_chdir_r
 .text._FAT_rename_r
                0x0200c44c      0x1c4 C:/devkitPro/libnds/lib\libfat.a(fatdir.o)
                0x0200c44c                _FAT_rename_r
 .text._FAT_mkdir_r
                0x0200c610      0x244 C:/devkitPro/libnds/lib\libfat.a(fatdir.o)
                0x0200c610                _FAT_mkdir_r
 .text._FAT_statvfs_r
                0x0200c854       0x78 C:/devkitPro/libnds/lib\libfat.a(fatdir.o)
                0x0200c854                _FAT_statvfs_r
 .text._FAT_diropen_r
                0x0200c8cc       0xb0 C:/devkitPro/libnds/lib\libfat.a(fatdir.o)
                0x0200c8cc                _FAT_diropen_r
 .text._FAT_dirreset_r
                0x0200c97c       0x4c C:/devkitPro/libnds/lib\libfat.a(fatdir.o)
                0x0200c97c                _FAT_dirreset_r
 .text._FAT_dirnext_r
                0x0200c9c8       0x7c C:/devkitPro/libnds/lib\libfat.a(fatdir.o)
                0x0200c9c8                _FAT_dirnext_r
 .text._FAT_dirclose_r
                0x0200ca44       0x20 C:/devkitPro/libnds/lib\libfat.a(fatdir.o)
                0x0200ca44                _FAT_dirclose_r
 .text._FAT_directory_entryGetAlias
                0x0200ca64       0xc8 C:/devkitPro/libnds/lib\libfat.a(directory.o)
 .text._FAT_directory_incrementDirEntryPosition
                0x0200cb2c       0x80 C:/devkitPro/libnds/lib\libfat.a(directory.o)
 .text._FAT_directory_mbsncasecmp
                0x0200cbac       0xa8 C:/devkitPro/libnds/lib\libfat.a(directory.o)
 .text._FAT_directory_ucs2tombs.constprop.0
                0x0200cc54       0x90 C:/devkitPro/libnds/lib\libfat.a(directory.o)
 .text._FAT_directory_entryGetCluster
                0x0200cce4       0x20 C:/devkitPro/libnds/lib\libfat.a(directory.o)
                0x0200cce4                _FAT_directory_entryGetCluster
 .text._FAT_directory_getNextEntry
                0x0200cd04      0x23c C:/devkitPro/libnds/lib\libfat.a(directory.o)
                0x0200cd04                _FAT_directory_getNextEntry
 .text._FAT_directory_entryExists
                0x0200cf40       0x80 C:/devkitPro/libnds/lib\libfat.a(directory.o)
 .text._FAT_directory_getFirstEntry
                0x0200cfc0       0x20 C:/devkitPro/libnds/lib\libfat.a(directory.o)
                0x0200cfc0                _FAT_directory_getFirstEntry
 .text._FAT_directory_getRootEntry
                0x0200cfe0       0x60 C:/devkitPro/libnds/lib\libfat.a(directory.o)
                0x0200cfe0                _FAT_directory_getRootEntry
 .text._FAT_directory_entryFromPosition
                0x0200d040      0x150 C:/devkitPro/libnds/lib\libfat.a(directory.o)
                0x0200d040                _FAT_directory_entryFromPosition
 .text._FAT_directory_entryFromPath
                0x0200d190      0x248 C:/devkitPro/libnds/lib\libfat.a(directory.o)
                0x0200d190                _FAT_directory_entryFromPath
 .text._FAT_directory_removeEntry
                0x0200d3d8       0xd8 C:/devkitPro/libnds/lib\libfat.a(directory.o)
                0x0200d3d8                _FAT_directory_removeEntry
 .text._FAT_directory_addEntry
                0x0200d4b0      0x808 C:/devkitPro/libnds/lib\libfat.a(directory.o)
                0x0200d4b0                _FAT_directory_addEntry
 .text._FAT_directory_chdir
                0x0200dcb8       0x3c C:/devkitPro/libnds/lib\libfat.a(directory.o)
                0x0200dcb8                _FAT_directory_chdir
 .text._FAT_directory_entryStat
                0x0200dcf4       0xe4 C:/devkitPro/libnds/lib\libfat.a(directory.o)
                0x0200dcf4                _FAT_directory_entryStat
 .text.isValidMBR
                0x0200ddd8       0x5c C:/devkitPro/libnds/lib\libfat.a(partition.o)
 .text._FAT_updateFS_INFO
                0x0200de34       0x54 C:/devkitPro/libnds/lib\libfat.a(partition.o)
 .text.FindFirstValidPartition_buf.part.0
                0x0200de88      0x11c C:/devkitPro/libnds/lib\libfat.a(partition.o)
 .text._FAT_partition_getPartitionFromPath
                0x0200dfa4       0x10 C:/devkitPro/libnds/lib\libfat.a(partition.o)
                0x0200dfa4                _FAT_partition_getPartitionFromPath
 .text._FAT_partition_createFSinfo
                0x0200dfb4       0x50 C:/devkitPro/libnds/lib\libfat.a(partition.o)
                0x0200dfb4                _FAT_partition_createFSinfo
 .text._FAT_partition_readFSinfo.part.0
                0x0200e004       0x74 C:/devkitPro/libnds/lib\libfat.a(partition.o)
 .text._FAT_partition_constructor_buf
                0x0200e078      0x2e8 C:/devkitPro/libnds/lib\libfat.a(partition.o)
                0x0200e078                _FAT_partition_constructor_buf
 .text._FAT_partition_constructor
                0x0200e360       0x40 C:/devkitPro/libnds/lib\libfat.a(partition.o)
                0x0200e360                _FAT_partition_constructor
 .text._FAT_partition_readFSinfo
                0x0200e3a0       0x10 C:/devkitPro/libnds/lib\libfat.a(partition.o)
                0x0200e3a0                _FAT_partition_readFSinfo
 .text._FAT_lock_init
                0x0200e3b0        0x4 C:/devkitPro/libnds/lib\libfat.a(lock.o)
                0x0200e3b0                _FAT_lock_init
 .text._FAT_lock
                0x0200e3b4        0x4 C:/devkitPro/libnds/lib\libfat.a(lock.o)
                0x0200e3b4                _FAT_lock
 .text._FAT_unlock
                0x0200e3b8        0x4 C:/devkitPro/libnds/lib\libfat.a(lock.o)
                0x0200e3b8                _FAT_unlock
 .text._FAT_filetime_getTimeFromRTC
                0x0200e3bc       0x44 C:/devkitPro/libnds/lib\libfat.a(filetime.o)
                0x0200e3bc                _FAT_filetime_getTimeFromRTC
 .text._FAT_filetime_getDateFromRTC
                0x0200e400       0x44 C:/devkitPro/libnds/lib\libfat.a(filetime.o)
                0x0200e400                _FAT_filetime_getDateFromRTC
 .text._FAT_filetime_to_time_t
                0x0200e444       0x38 C:/devkitPro/libnds/lib\libfat.a(filetime.o)
                0x0200e444                _FAT_filetime_to_time_t
 .text._FAT_fat_writeFatEntry.part.0.isra.0
                0x0200e47c      0x12c C:/devkitPro/libnds/lib\libfat.a(file_allocation_table.o)
 .text._FAT_fat_nextCluster
                0x0200e5a8      0x108 C:/devkitPro/libnds/lib\libfat.a(file_allocation_table.o)
                0x0200e5a8                _FAT_fat_nextCluster
 .text._FAT_fat_linkFreeCluster
                0x0200e6b0       0xac C:/devkitPro/libnds/lib\libfat.a(file_allocation_table.o)
                0x0200e6b0                _FAT_fat_linkFreeCluster
 .text._FAT_fat_linkFreeClusterCleared
                0x0200e75c       0x68 C:/devkitPro/libnds/lib\libfat.a(file_allocation_table.o)
                0x0200e75c                _FAT_fat_linkFreeClusterCleared
 .text._FAT_fat_clearLinks
                0x0200e7c4       0x7c C:/devkitPro/libnds/lib\libfat.a(file_allocation_table.o)
                0x0200e7c4                _FAT_fat_clearLinks
 .text._FAT_fat_trimChain
                0x0200e840       0x80 C:/devkitPro/libnds/lib\libfat.a(file_allocation_table.o)
                0x0200e840                _FAT_fat_trimChain
 .text._FAT_fat_lastCluster
                0x0200e8c0       0x34 C:/devkitPro/libnds/lib\libfat.a(file_allocation_table.o)
                0x0200e8c0                _FAT_fat_lastCluster
 .text._FAT_fat_freeClusterCount
                0x0200e8f4       0x2c C:/devkitPro/libnds/lib\libfat.a(file_allocation_table.o)
                0x0200e8f4                _FAT_fat_freeClusterCount
 .text.newRow   0x0200e920       0xdc C:/devkitPro/libnds/lib\libnds9.a(console.o)
 .text.consolePrintChar
                0x0200e9fc       0xe0 C:/devkitPro/libnds/lib\libnds9.a(console.o)
                0x0200e9fc                consolePrintChar
 .text.con_write
                0x0200eadc      0x320 C:/devkitPro/libnds/lib\libnds9.a(console.o)
                0x0200eadc                con_write
 .text.consoleLoadFont
                0x0200edfc      0x2a8 C:/devkitPro/libnds/lib\libnds9.a(console.o)
                0x0200edfc                consoleLoadFont
 .text.consoleInit
                0x0200f0a4      0x18c C:/devkitPro/libnds/lib\libnds9.a(console.o)
                0x0200f0a4                consoleInit
 .text.consoleDemoInit
                0x0200f230       0x40 C:/devkitPro/libnds/lib\libnds9.a(console.o)
                0x0200f230                consoleDemoInit
 .text.scanKeys
                0x0200f270       0x8c C:/devkitPro/libnds/lib\libnds9.a(keys.o)
                0x0200f270                scanKeys
 .text.keysDown
                0x0200f2fc       0x14 C:/devkitPro/libnds/lib\libnds9.a(keys.o)
                0x0200f2fc                keysDown
 .text.oamInit  0x0200f310      0x114 C:/devkitPro/libnds/lib\libnds9.a(sprite.o)
                0x0200f310                oamInit
 .text.oamGfxPtrToOffset
                0x0200f424       0x34 C:/devkitPro/libnds/lib\libnds9.a(sprite.o)
                0x0200f424                oamGfxPtrToOffset
 .text.oamSet   0x0200f458      0x104 C:/devkitPro/libnds/lib\libnds9.a(sprite.o)
                0x0200f458                oamSet
 .text.oamUpdate
                0x0200f55c       0x60 C:/devkitPro/libnds/lib\libnds9.a(sprite.o)
                0x0200f55c                oamUpdate
 .text.oamRotateScale
                0x0200f5bc       0x4c C:/devkitPro/libnds/lib\libnds9.a(sprite.o)
                0x0200f5bc                oamRotateScale
 .text.touchRead
                0x0200f608       0x24 C:/devkitPro/libnds/lib\libnds9.a(touch.o)
                0x0200f608                touchRead
 .text.sinLutLookup
                0x0200f62c       0x4c C:/devkitPro/libnds/lib\libnds9.a(trig.o)
                0x0200f62c                sinLutLookup
 .text.sinLerp  0x0200f678       0x38 C:/devkitPro/libnds/lib\libnds9.a(trig.o)
                0x0200f678                sinLerp
 .text.cosLerp  0x0200f6b0       0x48 C:/devkitPro/libnds/lib\libnds9.a(trig.o)
                0x0200f6b0                cosLerp
 .text.setBrightness
                0x0200f6f8       0x40 C:/devkitPro/libnds/lib\libnds9.a(video.o)
                0x0200f6f8                setBrightness
 .text.vramDefault
                0x0200f738       0xd0 C:/devkitPro/libnds/lib\libnds9.a(video.o)
                0x0200f738                vramDefault
 .text.dldiGetInternal
                0x0200f808       0x34 C:/devkitPro/libnds/lib\libnds9.a(dldi.o)
                0x0200f808                dldiGetInternal
 .text.get_io_dsisd
                0x0200f83c       0x24 C:/devkitPro/libnds/lib\libnds9.a(dldi.o)
                0x0200f83c                get_io_dsisd
 .text.__syscall_gettod_r
                0x0200f860       0x28 C:/devkitPro/libnds/lib\libnds9.a(initSystem.o)
                0x0200f860                __syscall_gettod_r
 .text.__syscall_exit
                0x0200f888        0x8 C:/devkitPro/libnds/lib\libnds9.a(initSystem.o)
                0x0200f888                __syscall_exit
 .text.initSystem
                0x0200f890      0x180 C:/devkitPro/libnds/lib\libnds9.a(initSystem.o)
                0x0200f890                initSystem
 .text.cardPolledTransfer
                0x0200fa10       0x54 C:/devkitPro/libnds/lib\libnds9.a(card.o)
                0x0200fa10                cardPolledTransfer
 .text.cardParamCommand
                0x0200fa64       0x30 C:/devkitPro/libnds/lib\libnds9.a(card.o)
                0x0200fa64                cardParamCommand
 .text.fifo_queueBlock
                0x0200fa94       0x40 C:/devkitPro/libnds/lib\libnds9.a(fifosystem.o)
 .text.fifo_waitBlock
                0x0200fad4       0x7c C:/devkitPro/libnds/lib\libnds9.a(fifosystem.o)
 .text.fifoInternalSend.part.0
                0x0200fb50       0xcc C:/devkitPro/libnds/lib\libnds9.a(fifosystem.o)
 .text.fifoInternalSendInterrupt
                0x0200fc1c       0xb0 C:/devkitPro/libnds/lib\libnds9.a(fifosystem.o)
 .text.fifoSetValue32Handler
                0x0200fccc       0xd4 C:/devkitPro/libnds/lib\libnds9.a(fifosystem.o)
                0x0200fccc                fifoSetValue32Handler
 .text.fifoSendValue32
                0x0200fda0       0x58 C:/devkitPro/libnds/lib\libnds9.a(fifosystem.o)
                0x0200fda0                fifoSendValue32
 .text.fifoSendDatamsg
                0x0200fdf8       0x94 C:/devkitPro/libnds/lib\libnds9.a(fifosystem.o)
                0x0200fdf8                fifoSendDatamsg
 .text.fifoGetValue32
                0x0200fe8c       0x70 C:/devkitPro/libnds/lib\libnds9.a(fifosystem.o)
                0x0200fe8c                fifoGetValue32
 .text.fifoGetDatamsg
                0x0200fefc       0xfc C:/devkitPro/libnds/lib\libnds9.a(fifosystem.o)
                0x0200fefc                fifoGetDatamsg
 .text.fifoInternalRecvInterrupt
                0x0200fff8      0x37c C:/devkitPro/libnds/lib\libnds9.a(fifosystem.o)
 .text.fifoSetDatamsgHandler
                0x02010374       0x9c C:/devkitPro/libnds/lib\libnds9.a(fifosystem.o)
                0x02010374                fifoSetDatamsgHandler
 .text.fifoCheckValue32
                0x02010410       0x24 C:/devkitPro/libnds/lib\libnds9.a(fifosystem.o)
                0x02010410                fifoCheckValue32
 .text.fifoInit
                0x02010434      0x114 C:/devkitPro/libnds/lib\libnds9.a(fifosystem.o)
                0x02010434                fifoInit
 .text.irqDummy
                0x02010548        0x4 C:/devkitPro/libnds/lib\libnds9.a(interrupts.o)
                0x02010548                irqDummy
 .text.irqSet   0x0201054c       0x78 C:/devkitPro/libnds/lib\libnds9.a(interrupts.o)
                0x0201054c                irqSet
 .text.irqInit  0x020105c4       0x50 C:/devkitPro/libnds/lib\libnds9.a(interrupts.o)
                0x020105c4                irqInit
 .text.irqEnable
                0x02010614       0x64 C:/devkitPro/libnds/lib\libnds9.a(interrupts.o)
                0x02010614                irqEnable
 .text.systemErrorExit
                0x02010678        0x4 C:/devkitPro/libnds/lib\libnds9.a(libnds_exit.arm.o)
                0x02010678                systemErrorExit
 .text.__libnds_exit
                0x0201067c       0x5c C:/devkitPro/libnds/lib\libnds9.a(libnds_exit.arm.o)
                0x0201067c                __libnds_exit
 .text.DC_FlushRange
                0x020106d8       0x24 C:/devkitPro/libnds/lib\libnds9.a(dcache.o)
                0x020106d8                DC_FlushRange
 .text.DC_InvalidateRange
                0x020106fc       0x2c C:/devkitPro/libnds/lib\libnds9.a(dcache.o)
                0x020106fc                DC_InvalidateRange
 .text.setCpuClock
                0x02010728       0x50 C:/devkitPro/libnds/lib\libnds9.a(cpu_clock.o)
                0x02010728                setCpuClock
 .text.swiWaitForVBlank
                0x02010778        0x8 C:/devkitPro/libnds/lib\libnds9.a(IntrWait.o)
                0x02010778                swiWaitForVBlank
 .text.swiIntrWait
                0x02010780       0x70 C:/devkitPro/libnds/lib\libnds9.a(IntrWait.o)
                0x02010780                swiIntrWait
 .text.__libnds_mpu_setup
                0x020107f0      0x174 C:/devkitPro/libnds/lib\libnds9.a(mpu_setup.o)
                0x020107f0                __libnds_mpu_setup
 .text.memUncached
                0x02010964       0x20 C:/devkitPro/libnds/lib\libnds9.a(mpu_setup.o)
                0x02010964                memUncached
 .text.swiDelay
                0x02010984        0x4 C:/devkitPro/libnds/lib\libnds9.a(biosCalls.o)
                0x02010984                swiDelay
 .text.swiSoftReset
                0x02010988       0x2c C:/devkitPro/libnds/lib\libnds9.a(swiSoftReset.o)
                0x02010988                swiSoftReset
 .text.checkIfText
                0x020109b4       0x6c C:/devkitPro/libnds/lib\libnds9.a(background.o)
                0x020109b4                checkIfText
 .text.bgUpdate
                0x02010a20       0xf4 C:/devkitPro/libnds/lib\libnds9.a(background.o)
                0x02010a20                bgUpdate
 .text.bgInit_call
                0x02010b14       0xb0 C:/devkitPro/libnds/lib\libnds9.a(background.o)
                0x02010b14                bgInit_call
 .text.bgInitSub_call
                0x02010bc4       0xb8 C:/devkitPro/libnds/lib\libnds9.a(background.o)
                0x02010bc4                bgInitSub_call
 .text.oamAllocReset
                0x02010c7c       0x1c C:/devkitPro/libnds/lib\libnds9.a(sprite_alloc.o)
                0x02010c7c                oamAllocReset
 .text.systemValueHandler
                0x02010c98       0x48 C:/devkitPro/libnds/lib\libnds9.a(system.o)
                0x02010c98                systemValueHandler
 .text.systemMsgHandler
                0x02010ce0       0x50 C:/devkitPro/libnds/lib\libnds9.a(system.o)
                0x02010ce0                systemMsgHandler
 .text.powerOn  0x02010d30       0x2c C:/devkitPro/libnds/lib\libnds9.a(system.o)
                0x02010d30                powerOn
 .text.__muldi3
                0x02010d5c       0x64 C:/devkitPro/devkitARM/bin/../lib/gcc/arm-none-eabi/14.2.0/thumb\libgcc.a(_muldi3.o)
                0x02010d5c                __muldi3
                0x02010d5c                __aeabi_lmul
 .text.__udivmoddi4
                0x02010dc0      0x19c C:/devkitPro/devkitARM/bin/../lib/gcc/arm-none-eabi/14.2.0/thumb\libgcc.a(_udivmoddi4.o)
                0x02010dc0                __udivmoddi4
 .text.strncmp  0x02010f5c       0x6c C:/devkitPro/devkitARM/bin/../lib/gcc/arm-none-eabi/14.2.0/../../../../arm-none-eabi/lib/thumb\libg.a(libc_a-strncmp.o)
                0x02010f5c                strncmp
 .text.strchr   0x02010fc8       0xc8 C:/devkitPro/devkitARM/bin/../lib/gcc/arm-none-eabi/14.2.0/../../../../arm-none-eabi/lib/thumb\libg.a(libc_a-strchr.o)
                0x02010fc8                strchr
 .text.srand    0x02011090       0x18 C:/devkitPro/devkitARM/bin/../lib/gcc/arm-none-eabi/14.2.0/../../../../arm-none-eabi/lib/thumb\libg.a(libc_a-rand.o)
                0x02011090                srand
 .text.rand     0x020110a8       0x34 C:/devkitPro/devkitARM/bin/../lib/gcc/arm-none-eabi/14.2.0/../../../../arm-none-eabi/lib/thumb\libg.a(libc_a-rand.o)
                0x020110a8                rand
 .text.strlen   0x020110dc       0x60 C:/devkitPro/devkitARM/bin/../lib/gcc/arm-none-eabi/14.2.0/../../../../arm-none-eabi/lib/thumb\libg.a(libc_a-strlen-stub.o)
                0x020110dc                strlen
 .text.memmove  0x0201113c       0xcc C:/devkitPro/devkitARM/bin/../lib/gcc/arm-none-eabi/14.2.0/../../../../arm-none-eabi/lib/thumb\libg.a(libc_a-memmove.o)
                0x0201113c                memmove
 .text.__locale_mb_cur_max
                0x02011208       0x20 C:/devkitPro/devkitARM/bin/../lib/gcc/arm-none-eabi/14.2.0/../../../../arm-none-eabi/lib/thumb\libg.a(libc_a-locale.o)
                0x02011208                __locale_mb_cur_max
 .text.memcmp   0x02011228       0x4c C:/devkitPro/devkitARM/bin/../lib/gcc/arm-none-eabi/14.2.0/../../../../arm-none-eabi/lib/thumb\libg.a(libc_a-memcmp.o)
                0x02011228                memcmp
 .text.__utf8_mbtowc
                0x02011274      0x234 C:/devkitPro/devkitARM/bin/../lib/gcc/arm-none-eabi/14.2.0/../../../../arm-none-eabi/lib/thumb\libg.a(libc_a-mbtowc_r.o)
                0x02011274                __utf8_mbtowc
 .text._fread_r
                0x020114a8      0x224 C:/devkitPro/devkitARM/bin/../lib/gcc/arm-none-eabi/14.2.0/../../../../arm-none-eabi/lib/thumb\libg.a(libc_a-fread.o)
                0x020114a8                _fread_r
 .text.fread    0x020116cc       0x24 C:/devkitPro/devkitARM/bin/../lib/gcc/arm-none-eabi/14.2.0/../../../../arm-none-eabi/lib/thumb\libg.a(libc_a-fread.o)
                0x020116cc                fread
 .text.calloc   0x020116f0       0x18 C:/devkitPro/devkitARM/bin/../lib/gcc/arm-none-eabi/14.2.0/../../../../arm-none-eabi/lib/thumb\libg.a(libc_a-calloc.o)
                0x020116f0                calloc
 .text.siscanf  0x02011708       0x50 C:/devkitPro/devkitARM/bin/../lib/gcc/arm-none-eabi/14.2.0/../../../../arm-none-eabi/lib/thumb\libg.a(libc_a-siscanf.o)
                0x02011708                siscanf
 .text.__sread  0x02011758       0x34 C:/devkitPro/devkitARM/bin/../lib/gcc/arm-none-eabi/14.2.0/../../../../arm-none-eabi/lib/thumb\libg.a(libc_a-stdio.o)
                0x02011758                __sread
 .text.__seofread
                0x0201178c        0x4 C:/devkitPro/devkitARM/bin/../lib/gcc/arm-none-eabi/14.2.0/../../../../arm-none-eabi/lib/thumb\libg.a(libc_a-stdio.o)
                0x0201178c                __seofread
 .text.__swrite
                0x02011790       0x4c C:/devkitPro/devkitARM/bin/../lib/gcc/arm-none-eabi/14.2.0/../../../../arm-none-eabi/lib/thumb\libg.a(libc_a-stdio.o)
                0x02011790                __swrite
 .text.__sseek  0x020117dc       0x3c C:/devkitPro/devkitARM/bin/../lib/gcc/arm-none-eabi/14.2.0/../../../../arm-none-eabi/lib/thumb\libg.a(libc_a-stdio.o)
                0x020117dc                __sseek
 .text.__sclose
                0x02011818       0x10 C:/devkitPro/devkitARM/bin/../lib/gcc/arm-none-eabi/14.2.0/../../../../arm-none-eabi/lib/thumb\libg.a(libc_a-stdio.o)
                0x02011818                __sclose
 .text.strrchr  0x02011828       0x30 C:/devkitPro/devkitARM/bin/../lib/gcc/arm-none-eabi/14.2.0/../../../../arm-none-eabi/lib/thumb\libg.a(libc_a-strrchr.o)
                0x02011828                strrchr
 .text.lflush   0x02011858       0x24 C:/devkitPro/devkitARM/bin/../lib/gcc/arm-none-eabi/14.2.0/../../../../arm-none-eabi/lib/thumb\libg.a(libc_a-refill.o)
 .text.__srefill_r
                0x0201187c      0x10c C:/devkitPro/devkitARM/bin/../lib/gcc/arm-none-eabi/14.2.0/../../../../arm-none-eabi/lib/thumb\libg.a(libc_a-refill.o)
                0x0201187c                __srefill_r
 .text._fclose_r
                0x02011988       0xd4 C:/devkitPro/devkitARM/bin/../lib/gcc/arm-none-eabi/14.2.0/../../../../arm-none-eabi/lib/thumb\libg.a(libc_a-fclose.o)
                0x02011988                _fclose_r
 .text.fclose   0x02011a5c       0x14 C:/devkitPro/devkitARM/bin/../lib/gcc/arm-none-eabi/14.2.0/../../../../arm-none-eabi/lib/thumb\libg.a(libc_a-fclose.o)
                0x02011a5c                fclose
 .text.read     0x02011a70       0x1c C:/devkitPro/devkitARM/bin/../lib/gcc/arm-none-eabi/14.2.0/../../../../arm-none-eabi/lib/thumb\libg.a(libc_a-sysread.o)
                0x02011a70                read
 .text._calloc_r
                0x02011a8c       0xb8 C:/devkitPro/devkitARM/bin/../lib/gcc/arm-none-eabi/14.2.0/../../../../arm-none-eabi/lib/thumb\libg.a(libc_a-callocr.o)
                0x02011a8c                _calloc_r
 .text.__smakebuf_r
                0x02011b44       0xdc C:/devkitPro/devkitARM/bin/../lib/gcc/arm-none-eabi/14.2.0/../../../../arm-none-eabi/lib/thumb\libg.a(libc_a-makebuf.o)
                0x02011b44                __smakebuf_r
 .text.__swhatbuf_r
                0x02011c20       0x5c C:/devkitPro/devkitARM/bin/../lib/gcc/arm-none-eabi/14.2.0/../../../../arm-none-eabi/lib/thumb\libg.a(libc_a-makebuf.o)
                0x02011c20                __swhatbuf_r
 .text.realloc  0x02011c7c       0x18 C:/devkitPro/devkitARM/bin/../lib/gcc/arm-none-eabi/14.2.0/../../../../arm-none-eabi/lib/thumb\libg.a(libc_a-realloc.o)
                0x02011c7c                realloc
 .text.validate_structure
                0x02011c94      0x1f0 C:/devkitPro/devkitARM/bin/../lib/gcc/arm-none-eabi/14.2.0/../../../../arm-none-eabi/lib/thumb\libg.a(libc_a-mktime.o)
 .text.mktime   0x02011e84      0x43c C:/devkitPro/devkitARM/bin/../lib/gcc/arm-none-eabi/14.2.0/../../../../arm-none-eabi/lib/thumb\libg.a(libc_a-mktime.o)
                0x02011e84                mktime
 .text.strdup   0x020122c0       0x14 C:/devkitPro/devkitARM/bin/../lib/gcc/arm-none-eabi/14.2.0/../../../../arm-none-eabi/lib/thumb\libg.a(libc_a-strdup.o)
                0x020122c0                strdup
 .text.stdio_exit_handler
                0x020122d4       0x20 C:/devkitPro/devkitARM/bin/../lib/gcc/arm-none-eabi/14.2.0/../../../../arm-none-eabi/lib/thumb\libg.a(libc_a-findfp.o)
 .text.cleanup_stdio
                0x020122f4       0x40 C:/devkitPro/devkitARM/bin/../lib/gcc/arm-none-eabi/14.2.0/../../../../arm-none-eabi/lib/thumb\libg.a(libc_a-findfp.o)
 .text.global_stdio_init.part.0
                0x02012334      0x128 C:/devkitPro/devkitARM/bin/../lib/gcc/arm-none-eabi/14.2.0/../../../../arm-none-eabi/lib/thumb\libg.a(libc_a-findfp.o)
 .text.__sfp    0x0201245c       0xcc C:/devkitPro/devkitARM/bin/../lib/gcc/arm-none-eabi/14.2.0/../../../../arm-none-eabi/lib/thumb\libg.a(libc_a-findfp.o)
                0x0201245c                __sfp
 .text.__sinit  0x02012528       0x3c C:/devkitPro/devkitARM/bin/../lib/gcc/arm-none-eabi/14.2.0/../../../../arm-none-eabi/lib/thumb\libg.a(libc_a-findfp.o)
                0x02012528                __sinit
 .text.__sfp_lock_acquire
                0x02012564       0x14 C:/devkitPro/devkitARM/bin/../lib/gcc/arm-none-eabi/14.2.0/../../../../arm-none-eabi/lib/thumb\libg.a(libc_a-findfp.o)
                0x02012564                __sfp_lock_acquire
 .text.__sfp_lock_release
                0x02012578       0x14 C:/devkitPro/devkitARM/bin/../lib/gcc/arm-none-eabi/14.2.0/../../../../arm-none-eabi/lib/thumb\libg.a(libc_a-findfp.o)
                0x02012578                __sfp_lock_release
 .text.__tz_lock
                0x0201258c       0x14 C:/devkitPro/devkitARM/bin/../lib/gcc/arm-none-eabi/14.2.0/../../../../arm-none-eabi/lib/thumb\libg.a(libc_a-tzlock.o)
                0x0201258c                __tz_lock
 .text.__tz_unlock
                0x020125a0       0x14 C:/devkitPro/devkitARM/bin/../lib/gcc/arm-none-eabi/14.2.0/../../../../arm-none-eabi/lib/thumb\libg.a(libc_a-tzlock.o)
                0x020125a0                __tz_unlock
 .text.rewind   0x020125b4       0x20 C:/devkitPro/devkitARM/bin/../lib/gcc/arm-none-eabi/14.2.0/../../../../arm-none-eabi/lib/thumb\libg.a(libc_a-rewind.o)
                0x020125b4                rewind
 .text._malloc_r
                0x020125d4      0x588 C:/devkitPro/devkitARM/bin/../lib/gcc/arm-none-eabi/14.2.0/../../../../arm-none-eabi/lib/thumb\libg.a(libc_a-mallocr.o)
                0x020125d4                _malloc_r
 .text.strcasecmp
                0x02012b5c       0x48 C:/devkitPro/devkitARM/bin/../lib/gcc/arm-none-eabi/14.2.0/../../../../arm-none-eabi/lib/thumb\libg.a(libc_a-strcasecmp.o)
                0x02012b5c                strcasecmp
 .text._wcrtomb_r
                0x02012ba4       0x84 C:/devkitPro/devkitARM/bin/../lib/gcc/arm-none-eabi/14.2.0/../../../../arm-none-eabi/lib/thumb\libg.a(libc_a-wcrtomb.o)
                0x02012ba4                _wcrtomb_r
 .text.wcrtomb  0x02012c28       0x88 C:/devkitPro/devkitARM/bin/../lib/gcc/arm-none-eabi/14.2.0/../../../../arm-none-eabi/lib/thumb\libg.a(libc_a-wcrtomb.o)
                0x02012c28                wcrtomb
 .text._malloc_trim_r
                0x02012cb0       0xac C:/devkitPro/devkitARM/bin/../lib/gcc/arm-none-eabi/14.2.0/../../../../arm-none-eabi/lib/thumb\libg.a(libc_a-freer.o)
                0x02012cb0                _malloc_trim_r
 .text._free_r  0x02012d5c      0x1f4 C:/devkitPro/devkitARM/bin/../lib/gcc/arm-none-eabi/14.2.0/../../../../arm-none-eabi/lib/thumb\libg.a(libc_a-freer.o)
                0x02012d5c                _free_r
 .text.towupper
                0x02012f50       0x10 C:/devkitPro/devkitARM/bin/../lib/gcc/arm-none-eabi/14.2.0/../../../../arm-none-eabi/lib/thumb\libg.a(libc_a-towupper.o)
                0x02012f50                towupper
 .text._strtol_l.part.0
                0x02012f60      0x25c C:/devkitPro/devkitARM/bin/../lib/gcc/arm-none-eabi/14.2.0/../../../../arm-none-eabi/lib/thumb\libg.a(libc_a-strtol.o)
 .text._strtol_r
                0x020131bc       0x34 C:/devkitPro/devkitARM/bin/../lib/gcc/arm-none-eabi/14.2.0/../../../../arm-none-eabi/lib/thumb\libg.a(libc_a-strtol.o)
                0x020131bc                _strtol_r
 .text.strpbrk  0x020131f0       0x3c C:/devkitPro/devkitARM/bin/../lib/gcc/arm-none-eabi/14.2.0/../../../../arm-none-eabi/lib/thumb\libg.a(libc_a-strpbrk.o)
                0x020131f0                strpbrk
 .text.setvbuf  0x0201322c      0x1ac C:/devkitPro/devkitARM/bin/../lib/gcc/arm-none-eabi/14.2.0/../../../../arm-none-eabi/lib/thumb\libg.a(libc_a-setvbuf.o)
                0x0201322c                setvbuf
 .text.strnlen  0x020133d8       0x24 C:/devkitPro/devkitARM/bin/../lib/gcc/arm-none-eabi/14.2.0/../../../../arm-none-eabi/lib/thumb\libg.a(libc_a-strnlen.o)
                0x020133d8                strnlen
 .text.stpcpy   0x020133fc       0x4c C:/devkitPro/devkitARM/bin/../lib/gcc/arm-none-eabi/14.2.0/../../../../arm-none-eabi/lib/thumb\libg.a(libc_a-stpcpy.o)
                0x020133fc                stpcpy
 .text.__errno  0x02013448        0xc C:/devkitPro/devkitARM/bin/../lib/gcc/arm-none-eabi/14.2.0/../../../../arm-none-eabi/lib/thumb\libg.a(libc_a-errno.o)
                0x02013448                __errno
 .text.malloc   0x02013454       0x28 C:/devkitPro/devkitARM/bin/../lib/gcc/arm-none-eabi/14.2.0/../../../../arm-none-eabi/lib/thumb\libg.a(libc_a-malloc.o)
                0x02013454                malloc
 .text.free     0x0201347c       0x14 C:/devkitPro/devkitARM/bin/../lib/gcc/arm-none-eabi/14.2.0/../../../../arm-none-eabi/lib/thumb\libg.a(libc_a-malloc.o)
                0x0201347c                free
 .text.memcpy   0x02013490       0xb0 C:/devkitPro/devkitARM/bin/../lib/gcc/arm-none-eabi/14.2.0/../../../../arm-none-eabi/lib/thumb\libg.a(libc_a-memcpy-stub.o)
                0x02013490                memcpy
 .text.wctob    0x02013540       0x58 C:/devkitPro/devkitARM/bin/../lib/gcc/arm-none-eabi/14.2.0/../../../../arm-none-eabi/lib/thumb\libg.a(libc_a-wctob.o)
                0x02013540                wctob
 .text.lseek    0x02013598       0x24 C:/devkitPro/devkitARM/bin/../lib/gcc/arm-none-eabi/14.2.0/../../../../arm-none-eabi/lib/thumb\libg.a(libc_a-syslseek.o)
                0x02013598                lseek
 .text._fopen_r
                0x020135bc       0xb8 C:/devkitPro/devkitARM/bin/../lib/gcc/arm-none-eabi/14.2.0/../../../../arm-none-eabi/lib/thumb\libg.a(libc_a-fopen.o)
                0x020135bc                _fopen_r
 .text.fopen    0x02013674       0x18 C:/devkitPro/devkitARM/bin/../lib/gcc/arm-none-eabi/14.2.0/../../../../arm-none-eabi/lib/thumb\libg.a(libc_a-fopen.o)
                0x02013674                fopen
 .text.time     0x0201368c       0x38 C:/devkitPro/devkitARM/bin/../lib/gcc/arm-none-eabi/14.2.0/../../../../arm-none-eabi/lib/thumb\libg.a(libc_a-time.o)
                0x0201368c                time
 .text.open     0x020136c4       0x28 C:/devkitPro/devkitARM/bin/../lib/gcc/arm-none-eabi/14.2.0/../../../../arm-none-eabi/lib/thumb\libg.a(libc_a-sysopen.o)
                0x020136c4                open
 .text._findenv_r
                0x020136ec       0x94 C:/devkitPro/devkitARM/bin/../lib/gcc/arm-none-eabi/14.2.0/../../../../arm-none-eabi/lib/thumb\libg.a(libc_a-getenv_r.o)
                0x020136ec                _findenv_r
 .text._getenv_r
                0x02013780       0x10 C:/devkitPro/devkitARM/bin/../lib/gcc/arm-none-eabi/14.2.0/../../../../arm-none-eabi/lib/thumb\libg.a(libc_a-getenv_r.o)
                0x02013780                _getenv_r
 .text.memset   0x02013790       0x98 C:/devkitPro/devkitARM/bin/../lib/gcc/arm-none-eabi/14.2.0/../../../../arm-none-eabi/lib/thumb\libg.a(libc_a-memset.o)
                0x02013790                memset
 .text._realloc_r
                0x02013828      0x384 C:/devkitPro/devkitARM/bin/../lib/gcc/arm-none-eabi/14.2.0/../../../../arm-none-eabi/lib/thumb\libg.a(libc_a-reallocr.o)
                0x02013828                _realloc_r
 .text.access   0x02013bac       0x34 C:/devkitPro/devkitARM/bin/../lib/gcc/arm-none-eabi/14.2.0/../../../../arm-none-eabi/lib/thumb\libg.a(libc_a-access.o)
                0x02013bac                access
 .text.localtime_r
                0x02013be0      0x228 C:/devkitPro/devkitARM/bin/../lib/gcc/arm-none-eabi/14.2.0/../../../../arm-none-eabi/lib/thumb\libg.a(libc_a-lcltime_r.o)
                0x02013be0                localtime_r
 .text.strncasecmp
                0x02013e08       0x54 C:/devkitPro/devkitARM/bin/../lib/gcc/arm-none-eabi/14.2.0/../../../../arm-none-eabi/lib/thumb\libg.a(libc_a-strncasecmp.o)
                0x02013e08                strncasecmp
 .text._strdup_r
                0x02013e5c       0x2c C:/devkitPro/devkitARM/bin/../lib/gcc/arm-none-eabi/14.2.0/../../../../arm-none-eabi/lib/thumb\libg.a(libc_a-strdup_r.o)
                0x02013e5c                _strdup_r
 .text._fwalk_sglue
                0x02013e88       0x4c C:/devkitPro/devkitARM/bin/../lib/gcc/arm-none-eabi/14.2.0/../../../../arm-none-eabi/lib/thumb\libg.a(libc_a-fwalk.o)
                0x02013e88                _fwalk_sglue
 .text.__malloc_lock
                0x02013ed4       0x14 C:/devkitPro/devkitARM/bin/../lib/gcc/arm-none-eabi/14.2.0/../../../../arm-none-eabi/lib/thumb\libg.a(libc_a-mlock.o)
                0x02013ed4                __malloc_lock
 .text.__malloc_unlock
                0x02013ee8       0x14 C:/devkitPro/devkitARM/bin/../lib/gcc/arm-none-eabi/14.2.0/../../../../arm-none-eabi/lib/thumb\libg.a(libc_a-mlock.o)
                0x02013ee8                __malloc_unlock
 .text.__tzcalc_limits
                0x02013efc      0x1b4 C:/devkitPro/devkitARM/bin/../lib/gcc/arm-none-eabi/14.2.0/../../../../arm-none-eabi/lib/thumb\libg.a(libc_a-tzcalc_limits.o)
                0x02013efc                __tzcalc_limits
 .text.ftell    0x020140b0       0x24 C:/devkitPro/devkitARM/bin/../lib/gcc/arm-none-eabi/14.2.0/../../../../arm-none-eabi/lib/thumb\libg.a(libc_a-ftell.o)
                0x020140b0                ftell
 .text.stat     0x020140d4       0x18 C:/devkitPro/devkitARM/bin/../lib/gcc/arm-none-eabi/14.2.0/../../../../arm-none-eabi/lib/thumb\libg.a(libc_a-sysstat.o)
                0x020140d4                stat
 .text.strcpy   0x020140ec       0x10 C:/devkitPro/devkitARM/bin/../lib/gcc/arm-none-eabi/14.2.0/../../../../arm-none-eabi/lib/thumb\libg.a(libc_a-strcpy.o)
                0x020140ec                strcpy
 .text.__call_exitprocs
                0x020140fc        0xc C:/devkitPro/devkitARM/bin/../lib/gcc/arm-none-eabi/14.2.0/../../../../arm-none-eabi/lib/thumb\libg.a(libc_a-exit.o)
                0x020140fc                __call_exitprocs
 .text.exit     0x02014108       0x24 C:/devkitPro/devkitARM/bin/../lib/gcc/arm-none-eabi/14.2.0/../../../../arm-none-eabi/lib/thumb\libg.a(libc_a-exit.o)
                0x02014108                exit
 .text._fseek_r
                0x0201412c       0x18 C:/devkitPro/devkitARM/bin/../lib/gcc/arm-none-eabi/14.2.0/../../../../arm-none-eabi/lib/thumb\libg.a(libc_a-fseek.o)
                0x0201412c                _fseek_r
 .text.fseek    0x02014144       0x24 C:/devkitPro/devkitARM/bin/../lib/gcc/arm-none-eabi/14.2.0/../../../../arm-none-eabi/lib/thumb\libg.a(libc_a-fseek.o)
                0x02014144                fseek
 .text.__utf8_wctomb
                0x02014168       0xb4 C:/devkitPro/devkitARM/bin/../lib/gcc/arm-none-eabi/14.2.0/../../../../arm-none-eabi/lib/thumb\libg.a(libc_a-wctomb_r.o)
                0x02014168                __utf8_wctomb
 .text.mbsrtowcs
                0x0201421c       0x28 C:/devkitPro/devkitARM/bin/../lib/gcc/arm-none-eabi/14.2.0/../../../../arm-none-eabi/lib/thumb\libg.a(libc_a-mbsrtowcs.o)
                0x0201421c                mbsrtowcs
 .text.snprintf
                0x02014244       0x7c C:/devkitPro/devkitARM/bin/../lib/gcc/arm-none-eabi/14.2.0/../../../../arm-none-eabi/lib/thumb\libg.a(libc_a-snprintf.o)
                0x02014244                snprintf
 .text.strncpy  0x020142c0       0x68 C:/devkitPro/devkitARM/bin/../lib/gcc/arm-none-eabi/14.2.0/../../../../arm-none-eabi/lib/thumb\libg.a(libc_a-strncpy.o)
                0x020142c0                strncpy
 .text.towlower
                0x02014328       0x10 C:/devkitPro/devkitARM/bin/../lib/gcc/arm-none-eabi/14.2.0/../../../../arm-none-eabi/lib/thumb\libg.a(libc_a-towlower.o)
                0x02014328                towlower
 .text.__sflags
                0x02014338       0xa4 C:/devkitPro/devkitARM/bin/../lib/gcc/arm-none-eabi/14.2.0/../../../../arm-none-eabi/lib/thumb\libg.a(libc_a-flags.o)
                0x02014338                __sflags
 .text.iprintf  0x020143dc       0x24 C:/devkitPro/devkitARM/bin/../lib/gcc/arm-none-eabi/14.2.0/../../../../arm-none-eabi/lib/thumb\libg.a(libc_a-iprintf.o)
                0x020143dc                iprintf
 .text._mbrtowc_r
                0x02014400       0x90 C:/devkitPro/devkitARM/bin/../lib/gcc/arm-none-eabi/14.2.0/../../../../arm-none-eabi/lib/thumb\libg.a(libc_a-mbrtowc.o)
                0x02014400                _mbrtowc_r
 .text.mbrtowc  0x02014490       0x94 C:/devkitPro/devkitARM/bin/../lib/gcc/arm-none-eabi/14.2.0/../../../../arm-none-eabi/lib/thumb\libg.a(libc_a-mbrtowc.o)
                0x02014490                mbrtowc
 .text.__libc_init_array
                0x02014524       0x54 C:/devkitPro/devkitARM/bin/../lib/gcc/arm-none-eabi/14.2.0/../../../../arm-none-eabi/lib/thumb\libg.a(libc_a-init.o)
                0x02014524                __libc_init_array
 .text.__sflush_r
                0x02014578      0x194 C:/devkitPro/devkitARM/bin/../lib/gcc/arm-none-eabi/14.2.0/../../../../arm-none-eabi/lib/thumb\libg.a(libc_a-fflush.o)
                0x02014578                __sflush_r
 .text._fflush_r
                0x0201470c       0x70 C:/devkitPro/devkitARM/bin/../lib/gcc/arm-none-eabi/14.2.0/../../../../arm-none-eabi/lib/thumb\libg.a(libc_a-fflush.o)
                0x0201470c                _fflush_r
 .text.__env_lock
                0x0201477c       0x14 C:/devkitPro/devkitARM/bin/../lib/gcc/arm-none-eabi/14.2.0/../../../../arm-none-eabi/lib/thumb\libg.a(libc_a-envlock.o)
                0x0201477c                __env_lock
 .text.__env_unlock
                0x02014790       0x14 C:/devkitPro/devkitARM/bin/../lib/gcc/arm-none-eabi/14.2.0/../../../../arm-none-eabi/lib/thumb\libg.a(libc_a-envlock.o)
                0x02014790                __env_unlock
 .text.gmtime_r
                0x020147a4      0x1c4 C:/devkitPro/devkitARM/bin/../lib/gcc/arm-none-eabi/14.2.0/../../../../arm-none-eabi/lib/thumb\libg.a(libc_a-gmtime_r.o)
                0x020147a4                gmtime_r
 .text.get_arg  0x02014968      0x428 C:/devkitPro/devkitARM/bin/../lib/gcc/arm-none-eabi/14.2.0/../../../../arm-none-eabi/lib/thumb\libg.a(libc_a-vfiprintf.o)
 .text._vfiprintf_r
                0x02014d90     0x1724 C:/devkitPro/devkitARM/bin/../lib/gcc/arm-none-eabi/14.2.0/../../../../arm-none-eabi/lib/thumb\libg.a(libc_a-vfiprintf.o)
                0x02014d90                _vfiprintf_r
 .text.__sbprintf
                0x020164b4       0x7c C:/devkitPro/devkitARM/bin/../lib/gcc/arm-none-eabi/14.2.0/../../../../arm-none-eabi/lib/thumb\libg.a(libc_a-vfiprintf.o)
 .text._memalign_r
                0x02016530      0x128 C:/devkitPro/devkitARM/bin/../lib/gcc/arm-none-eabi/14.2.0/../../../../arm-none-eabi/lib/thumb\libg.a(libc_a-malignr.o)
                0x02016530                _memalign_r
 .text.memchr   0x02016658       0x80 C:/devkitPro/devkitARM/bin/../lib/gcc/arm-none-eabi/14.2.0/../../../../arm-none-eabi/lib/thumb\libg.a(libc_a-memchr-stub.o)
                0x02016658                memchr
 .text.div      0x020166d8       0x18 C:/devkitPro/devkitARM/bin/../lib/gcc/arm-none-eabi/14.2.0/../../../../arm-none-eabi/lib/thumb\libg.a(libc_a-div.o)
                0x020166d8                div
 .text.get_arg  0x020166f0       0x3e C:/devkitPro/devkitARM/bin/../lib/gcc/arm-none-eabi/14.2.0/../../../../arm-none-eabi/lib/thumb\libg.a(libc_a-svfiscanf.o)
 .text._sungetc_r
                0x0201672e       0x7e C:/devkitPro/devkitARM/bin/../lib/gcc/arm-none-eabi/14.2.0/../../../../arm-none-eabi/lib/thumb\libg.a(libc_a-svfiscanf.o)
                0x0201672e                _sungetc_r
 .text.__ssrefill_r
                0x020167ac       0x42 C:/devkitPro/devkitARM/bin/../lib/gcc/arm-none-eabi/14.2.0/../../../../arm-none-eabi/lib/thumb\libg.a(libc_a-svfiscanf.o)
                0x020167ac                __ssrefill_r
 .text._sfread_r
                0x020167ee       0x88 C:/devkitPro/devkitARM/bin/../lib/gcc/arm-none-eabi/14.2.0/../../../../arm-none-eabi/lib/thumb\libg.a(libc_a-svfiscanf.o)
                0x020167ee                _sfread_r
 *fill*         0x02016876        0x2 ff
 .text.__ssvfiscanf_r
                0x02016878     0x1a88 C:/devkitPro/devkitARM/bin/../lib/gcc/arm-none-eabi/14.2.0/../../../../arm-none-eabi/lib/thumb\libg.a(libc_a-svfiscanf.o)
                0x02016878                __ssvfiscanf_r
 .text.towctrans
                0x02018300       0x28 C:/devkitPro/devkitARM/bin/../lib/gcc/arm-none-eabi/14.2.0/../../../../arm-none-eabi/lib/thumb\libg.a(libc_a-towctrans.o)
                0x02018300                towctrans
 .text._strtoul_l.isra.0
                0x02018328      0x154 C:/devkitPro/devkitARM/bin/../lib/gcc/arm-none-eabi/14.2.0/../../../../arm-none-eabi/lib/thumb\libg.a(libc_a-strtoul.o)
 .text._strtoul_r
                0x0201847c       0x20 C:/devkitPro/devkitARM/bin/../lib/gcc/arm-none-eabi/14.2.0/../../../../arm-none-eabi/lib/thumb\libg.a(libc_a-strtoul.o)
                0x0201847c                _strtoul_r
 .text.strtoul  0x0201849c       0x24 C:/devkitPro/devkitARM/bin/../lib/gcc/arm-none-eabi/14.2.0/../../../../arm-none-eabi/lib/thumb\libg.a(libc_a-strtoul.o)
                0x0201849c                strtoul
 .text.__libc_fini_array
                0x020184c0       0x30 C:/devkitPro/devkitARM/bin/../lib/gcc/arm-none-eabi/14.2.0/../../../../arm-none-eabi/lib/thumb\libg.a(libc_a-fini.o)
                0x020184c0                __libc_fini_array
 .text._fseeko_r
                0x020184f0      0x41c C:/devkitPro/devkitARM/bin/../lib/gcc/arm-none-eabi/14.2.0/../../../../arm-none-eabi/lib/thumb\libg.a(libc_a-fseeko.o)
                0x020184f0                _fseeko_r
 .text._tzset_unlocked
                0x0201890c       0x10 C:/devkitPro/devkitARM/bin/../lib/gcc/arm-none-eabi/14.2.0/../../../../arm-none-eabi/lib/thumb\libg.a(libc_a-tzset.o)
                0x0201890c                _tzset_unlocked
 .text.__sprint_r
                0x0201891c       0x24 C:/devkitPro/devkitARM/bin/../lib/gcc/arm-none-eabi/14.2.0/../../../../arm-none-eabi/lib/thumb\libg.a(libc_a-sprint_r.o)
                0x0201891c                __sprint_r
 .text.iswspace
                0x02018940       0x10 C:/devkitPro/devkitARM/bin/../lib/gcc/arm-none-eabi/14.2.0/../../../../arm-none-eabi/lib/thumb\libg.a(libc_a-iswspace.o)
                0x02018940                iswspace
 .text.__sccl   0x02018950       0xa0 C:/devkitPro/devkitARM/bin/../lib/gcc/arm-none-eabi/14.2.0/../../../../arm-none-eabi/lib/thumb\libg.a(libc_a-sccl.o)
                0x02018950                __sccl
 .text.__gettzinfo
                0x020189f0        0x8 C:/devkitPro/devkitARM/bin/../lib/gcc/arm-none-eabi/14.2.0/../../../../arm-none-eabi/lib/thumb\libg.a(libc_a-gettzinfo.o)
                0x020189f0                __gettzinfo
 .text._localeconv_r
                0x020189f8       0x1c C:/devkitPro/devkitARM/bin/../lib/gcc/arm-none-eabi/14.2.0/../../../../arm-none-eabi/lib/thumb\libg.a(libc_a-localeconv.o)
                0x020189f8                _localeconv_r
 .text.get_arg  0x02018a14      0x428 C:/devkitPro/devkitARM/bin/../lib/gcc/arm-none-eabi/14.2.0/../../../../arm-none-eabi/lib/thumb\libg.a(libc_a-svfprintf.o)
 .text._svfprintf_r
                0x02018e3c     0x23dc C:/devkitPro/devkitARM/bin/../lib/gcc/arm-none-eabi/14.2.0/../../../../arm-none-eabi/lib/thumb\libg.a(libc_a-svfprintf.o)
                0x02018e3c                _svfprintf_r
 .text._mbsnrtowcs_r
                0x0201b218       0xb8 C:/devkitPro/devkitARM/bin/../lib/gcc/arm-none-eabi/14.2.0/../../../../arm-none-eabi/lib/thumb\libg.a(libc_a-mbsnrtowcs.o)
                0x0201b218                _mbsnrtowcs_r
 .text._tzset_unlocked_r
                0x0201b2d0      0x4b4 C:/devkitPro/devkitARM/bin/../lib/gcc/arm-none-eabi/14.2.0/../../../../arm-none-eabi/lib/thumb\libg.a(libc_a-tzset_r.o)
                0x0201b2d0                _tzset_unlocked_r
 .text._ftello_r
                0x0201b784      0x130 C:/devkitPro/devkitARM/bin/../lib/gcc/arm-none-eabi/14.2.0/../../../../arm-none-eabi/lib/thumb\libg.a(libc_a-ftello.o)
                0x0201b784                _ftello_r
 .text._strtoull_l.isra.0
                0x0201b8b4      0x1bc C:/devkitPro/devkitARM/bin/../lib/gcc/arm-none-eabi/14.2.0/../../../../arm-none-eabi/lib/thumb\libg.a(libc_a-strtoull.o)
 .text._strtoull_r
                0x0201ba70       0x20 C:/devkitPro/devkitARM/bin/../lib/gcc/arm-none-eabi/14.2.0/../../../../arm-none-eabi/lib/thumb\libg.a(libc_a-strtoull.o)
                0x0201ba70                _strtoull_r
 .text._wcsrtombs_r
                0x0201ba90       0x1c C:/devkitPro/devkitARM/bin/../lib/gcc/arm-none-eabi/14.2.0/../../../../arm-none-eabi/lib/thumb\libg.a(libc_a-wcsrtombs.o)
                0x0201ba90                _wcsrtombs_r
 .text.__swsetup_r
                0x0201baac      0x100 C:/devkitPro/devkitARM/bin/../lib/gcc/arm-none-eabi/14.2.0/../../../../arm-none-eabi/lib/thumb\libg.a(libc_a-wsetup.o)
                0x0201baac                __swsetup_r
 .text.frexp    0x0201bbac       0x6c C:/devkitPro/devkitARM/bin/../lib/gcc/arm-none-eabi/14.2.0/../../../../arm-none-eabi/lib/thumb\libg.a(libm_a-s_frexp.o)
                0x0201bbac                frexp
 .text.__submore
                0x0201bc18       0x88 C:/devkitPro/devkitARM/bin/../lib/gcc/arm-none-eabi/14.2.0/../../../../arm-none-eabi/lib/thumb\libg.a(libc_a-ungetc.o)
                0x0201bc18                __submore
 .text.iswspace_l
                0x0201bca0       0x28 C:/devkitPro/devkitARM/bin/../lib/gcc/arm-none-eabi/14.2.0/../../../../arm-none-eabi/lib/thumb\libg.a(libc_a-iswspace_l.o)
                0x0201bca0                iswspace_l
 .text.__sfvwrite_r
                0x0201bcc8      0x304 C:/devkitPro/devkitARM/bin/../lib/gcc/arm-none-eabi/14.2.0/../../../../arm-none-eabi/lib/thumb\libg.a(libc_a-fvwrite.o)
                0x0201bcc8                __sfvwrite_r
 .text._strtoll_l.isra.0
                0x0201bfcc      0x30c C:/devkitPro/devkitARM/bin/../lib/gcc/arm-none-eabi/14.2.0/../../../../arm-none-eabi/lib/thumb\libg.a(libc_a-strtoll.o)
 .text._strtoll_r
                0x0201c2d8       0x20 C:/devkitPro/devkitARM/bin/../lib/gcc/arm-none-eabi/14.2.0/../../../../arm-none-eabi/lib/thumb\libg.a(libc_a-strtoll.o)
                0x0201c2d8                _strtoll_r
 .text.__ssprint_r
                0x0201c2f8       0x60 C:/devkitPro/devkitARM/bin/../lib/gcc/arm-none-eabi/14.2.0/../../../../arm-none-eabi/lib/thumb\libg.a(libc_a-ssprint_r.o)
                0x0201c2f8                __ssprint_r
 .text._wcsnrtombs_l
                0x0201c358      0x10c C:/devkitPro/devkitARM/bin/../lib/gcc/arm-none-eabi/14.2.0/../../../../arm-none-eabi/lib/thumb\libg.a(libc_a-wcsnrtombs.o)
                0x0201c358                _wcsnrtombs_l
 .text._wcsnrtombs_r
                0x0201c464       0x40 C:/devkitPro/devkitARM/bin/../lib/gcc/arm-none-eabi/14.2.0/../../../../arm-none-eabi/lib/thumb\libg.a(libc_a-wcsnrtombs.o)
                0x0201c464                _wcsnrtombs_r
 .text.towctrans_l
                0x0201c4a4      0x190 C:/devkitPro/devkitARM/bin/../lib/gcc/arm-none-eabi/14.2.0/../../../../arm-none-eabi/lib/thumb\libg.a(libc_a-towctrans_l.o)
                0x0201c4a4                towctrans_l
 .text.quorem   0x0201c634      0x154 C:/devkitPro/devkitARM/bin/../lib/gcc/arm-none-eabi/14.2.0/../../../../arm-none-eabi/lib/thumb\libg.a(libc_a-dtoa.o)
 .text._dtoa_r  0x0201c788     0x1140 C:/devkitPro/devkitARM/bin/../lib/gcc/arm-none-eabi/14.2.0/../../../../arm-none-eabi/lib/thumb\libg.a(libc_a-dtoa.o)
                0x0201c788                _dtoa_r
 .text.category
                0x0201d8c8       0x58 C:/devkitPro/devkitARM/bin/../lib/gcc/arm-none-eabi/14.2.0/../../../../arm-none-eabi/lib/thumb\libg.a(libc_a-categories.o)
                0x0201d8c8                category
 .text.__ssputs_r
                0x0201d920       0xd4 C:/devkitPro/devkitARM/bin/../lib/gcc/arm-none-eabi/14.2.0/../../../../arm-none-eabi/lib/thumb\libg.a(libc_a-ssputs_r.o)
                0x0201d920                __ssputs_r
 .text.__assert_func
                0x0201d9f4       0x40 C:/devkitPro/devkitARM/bin/../lib/gcc/arm-none-eabi/14.2.0/../../../../arm-none-eabi/lib/thumb\libg.a(libc_a-assert.o)
                0x0201d9f4                __assert_func
 .text._Balloc  0x0201da34       0x54 C:/devkitPro/devkitARM/bin/../lib/gcc/arm-none-eabi/14.2.0/../../../../arm-none-eabi/lib/thumb\libg.a(libc_a-mprec.o)
                0x0201da34                _Balloc
 .text._Bfree   0x0201da88       0x14 C:/devkitPro/devkitARM/bin/../lib/gcc/arm-none-eabi/14.2.0/../../../../arm-none-eabi/lib/thumb\libg.a(libc_a-mprec.o)
                0x0201da88                _Bfree
 .text.__multadd
                0x0201da9c       0xa8 C:/devkitPro/devkitARM/bin/../lib/gcc/arm-none-eabi/14.2.0/../../../../arm-none-eabi/lib/thumb\libg.a(libc_a-mprec.o)
                0x0201da9c                __multadd
 .text.__hi0bits
                0x0201db44       0x60 C:/devkitPro/devkitARM/bin/../lib/gcc/arm-none-eabi/14.2.0/../../../../arm-none-eabi/lib/thumb\libg.a(libc_a-mprec.o)
                0x0201db44                __hi0bits
 .text.__lo0bits
                0x0201dba4       0x94 C:/devkitPro/devkitARM/bin/../lib/gcc/arm-none-eabi/14.2.0/../../../../arm-none-eabi/lib/thumb\libg.a(libc_a-mprec.o)
                0x0201dba4                __lo0bits
 .text.__i2b    0x0201dc38       0x64 C:/devkitPro/devkitARM/bin/../lib/gcc/arm-none-eabi/14.2.0/../../../../arm-none-eabi/lib/thumb\libg.a(libc_a-mprec.o)
                0x0201dc38                __i2b
 .text.__multiply
                0x0201dc9c      0x1b4 C:/devkitPro/devkitARM/bin/../lib/gcc/arm-none-eabi/14.2.0/../../../../arm-none-eabi/lib/thumb\libg.a(libc_a-mprec.o)
                0x0201dc9c                __multiply
 .text.__pow5mult
                0x0201de50       0xdc C:/devkitPro/devkitARM/bin/../lib/gcc/arm-none-eabi/14.2.0/../../../../arm-none-eabi/lib/thumb\libg.a(libc_a-mprec.o)
                0x0201de50                __pow5mult
 .text.__lshift
                0x0201df2c      0x100 C:/devkitPro/devkitARM/bin/../lib/gcc/arm-none-eabi/14.2.0/../../../../arm-none-eabi/lib/thumb\libg.a(libc_a-mprec.o)
                0x0201df2c                __lshift
 .text.__mcmp   0x0201e02c       0x40 C:/devkitPro/devkitARM/bin/../lib/gcc/arm-none-eabi/14.2.0/../../../../arm-none-eabi/lib/thumb\libg.a(libc_a-mprec.o)
                0x0201e02c                __mcmp
 .text.__mdiff  0x0201e06c      0x1ac C:/devkitPro/devkitARM/bin/../lib/gcc/arm-none-eabi/14.2.0/../../../../arm-none-eabi/lib/thumb\libg.a(libc_a-mprec.o)
                0x0201e06c                __mdiff
 .text.__d2b    0x0201e218       0xc8 C:/devkitPro/devkitARM/bin/../lib/gcc/arm-none-eabi/14.2.0/../../../../arm-none-eabi/lib/thumb\libg.a(libc_a-mprec.o)
                0x0201e218                __d2b
 .text.fiprintf
                0x0201e2e0       0x28 C:/devkitPro/devkitARM/bin/../lib/gcc/arm-none-eabi/14.2.0/../../../../arm-none-eabi/lib/thumb\libg.a(libc_a-fiprintf.o)
                0x0201e2e0                fiprintf
 .text.abort    0x0201e308       0x10 C:/devkitPro/devkitARM/bin/../lib/gcc/arm-none-eabi/14.2.0/../../../../arm-none-eabi/lib/thumb\libg.a(libc_a-abort.o)
                0x0201e308                abort
 .text._raise_r
                0x0201e318       0x60 C:/devkitPro/devkitARM/bin/../lib/gcc/arm-none-eabi/14.2.0/../../../../arm-none-eabi/lib/thumb\libg.a(libc_a-signal.o)
                0x0201e318                _raise_r
 .text.raise    0x0201e378       0x14 C:/devkitPro/devkitARM/bin/../lib/gcc/arm-none-eabi/14.2.0/../../../../arm-none-eabi/lib/thumb\libg.a(libc_a-signal.o)
                0x0201e378                raise
 .text._exit    0x0201e38c       0x14 C:/devkitPro/devkitARM/bin/../lib/gcc/arm-none-eabi/14.2.0/../../../../arm-none-eabi/lib/thumb\libsysbase.a(libsysbase_libsysbase_a-_exit.o)
                0x0201e38c                _exit
 .text.build_argv
                0x0201e3a0       0x54 C:/devkitPro/devkitARM/bin/../lib/gcc/arm-none-eabi/14.2.0/../../../../arm-none-eabi/lib/thumb\libsysbase.a(libsysbase_libsysbase_a-build_argv.o)
                0x0201e3a0                build_argv
 .text.chdir    0x0201e3f4       0xe4 C:/devkitPro/devkitARM/bin/../lib/gcc/arm-none-eabi/14.2.0/../../../../arm-none-eabi/lib/thumb\libsysbase.a(libsysbase_libsysbase_a-chdir.o)
                0x0201e3f4                chdir
 .text.getcwd   0x0201e4d8       0x60 C:/devkitPro/devkitARM/bin/../lib/gcc/arm-none-eabi/14.2.0/../../../../arm-none-eabi/lib/thumb\libsysbase.a(libsysbase_libsysbase_a-chdir.o)
                0x0201e4d8                getcwd
 .text._concatenate_path
                0x0201e538      0x134 C:/devkitPro/devkitARM/bin/../lib/gcc/arm-none-eabi/14.2.0/../../../../arm-none-eabi/lib/thumb\libsysbase.a(libsysbase_libsysbase_a-concatenate.o)
                0x0201e538                _concatenate_path
 .text._fstat_r
                0x0201e66c       0x58 C:/devkitPro/devkitARM/bin/../lib/gcc/arm-none-eabi/14.2.0/../../../../arm-none-eabi/lib/thumb\libsysbase.a(libsysbase_libsysbase_a-fstat.o)
                0x0201e66c                _fstat_r
 .text._getpid_r
                0x0201e6c4        0xc C:/devkitPro/devkitARM/bin/../lib/gcc/arm-none-eabi/14.2.0/../../../../arm-none-eabi/lib/thumb\libsysbase.a(libsysbase_libsysbase_a-getpid.o)
                0x0201e6c4                _getpid_r
 .text.__getreent
                0x0201e6d0       0x20 C:/devkitPro/devkitARM/bin/../lib/gcc/arm-none-eabi/14.2.0/../../../../arm-none-eabi/lib/thumb\libsysbase.a(libsysbase_libsysbase_a-getreent.o)
                0x0201e6d0                __getreent
 .text._gettimeofday_r
                0x0201e6f0       0x20 C:/devkitPro/devkitARM/bin/../lib/gcc/arm-none-eabi/14.2.0/../../../../arm-none-eabi/lib/thumb\libsysbase.a(libsysbase_libsysbase_a-gettod.o)
                0x0201e6f0                _gettimeofday_r
 .text.__release_handle
                0x0201e710       0x68 C:/devkitPro/devkitARM/bin/../lib/gcc/arm-none-eabi/14.2.0/../../../../arm-none-eabi/lib/thumb\libsysbase.a(libsysbase_libsysbase_a-handle_manager.o)
                0x0201e710                __release_handle
 .text.__alloc_handle
                0x0201e778       0x7c C:/devkitPro/devkitARM/bin/../lib/gcc/arm-none-eabi/14.2.0/../../../../arm-none-eabi/lib/thumb\libsysbase.a(libsysbase_libsysbase_a-handle_manager.o)
                0x0201e778                __alloc_handle
 .text.__get_handle
                0x0201e7f4       0x34 C:/devkitPro/devkitARM/bin/../lib/gcc/arm-none-eabi/14.2.0/../../../../arm-none-eabi/lib/thumb\libsysbase.a(libsysbase_libsysbase_a-handle_manager.o)
                0x0201e7f4                __get_handle
 .text._close_r
                0x0201e828       0xb8 C:/devkitPro/devkitARM/bin/../lib/gcc/arm-none-eabi/14.2.0/../../../../arm-none-eabi/lib/thumb\libsysbase.a(libsysbase_libsysbase_a-handle_manager.o)
                0x0201e828                _close_r
 .text.null_write
                0x0201e8e0        0x4 C:/devkitPro/devkitARM/bin/../lib/gcc/arm-none-eabi/14.2.0/../../../../arm-none-eabi/lib/thumb\libsysbase.a(libsysbase_libsysbase_a-iosupport.o)
 .text.setDefaultDevice
                0x0201e8e4       0x10 C:/devkitPro/devkitARM/bin/../lib/gcc/arm-none-eabi/14.2.0/../../../../arm-none-eabi/lib/thumb\libsysbase.a(libsysbase_libsysbase_a-iosupport.o)
                0x0201e8e4                setDefaultDevice
 .text.FindDevice
                0x0201e8f4       0x98 C:/devkitPro/devkitARM/bin/../lib/gcc/arm-none-eabi/14.2.0/../../../../arm-none-eabi/lib/thumb\libsysbase.a(libsysbase_libsysbase_a-iosupport.o)
                0x0201e8f4                FindDevice
 .text.AddDevice
                0x0201e98c       0x78 C:/devkitPro/devkitARM/bin/../lib/gcc/arm-none-eabi/14.2.0/../../../../arm-none-eabi/lib/thumb\libsysbase.a(libsysbase_libsysbase_a-iosupport.o)
                0x0201e98c                AddDevice
 .text.GetDeviceOpTab
                0x0201ea04       0x20 C:/devkitPro/devkitARM/bin/../lib/gcc/arm-none-eabi/14.2.0/../../../../arm-none-eabi/lib/thumb\libsysbase.a(libsysbase_libsysbase_a-iosupport.o)
                0x0201ea04                GetDeviceOpTab
 .text._isatty_r
                0x0201ea24        0x4 C:/devkitPro/devkitARM/bin/../lib/gcc/arm-none-eabi/14.2.0/../../../../arm-none-eabi/lib/thumb\libsysbase.a(libsysbase_libsysbase_a-isatty.o)
                0x0201ea24                _isatty_r
 .text._kill_r  0x0201ea28        0xc C:/devkitPro/devkitARM/bin/../lib/gcc/arm-none-eabi/14.2.0/../../../../arm-none-eabi/lib/thumb\libsysbase.a(libsysbase_libsysbase_a-kill.o)
                0x0201ea28                _kill_r
 .text._lseek_r
                0x0201ea34       0x60 C:/devkitPro/devkitARM/bin/../lib/gcc/arm-none-eabi/14.2.0/../../../../arm-none-eabi/lib/thumb\libsysbase.a(libsysbase_libsysbase_a-lseek.o)
                0x0201ea34                _lseek_r
 .text._open_r  0x0201ea94       0x98 C:/devkitPro/devkitARM/bin/../lib/gcc/arm-none-eabi/14.2.0/../../../../arm-none-eabi/lib/thumb\libsysbase.a(libsysbase_libsysbase_a-open.o)
                0x0201ea94                _open_r
 .text._read_r  0x0201eb2c       0x58 C:/devkitPro/devkitARM/bin/../lib/gcc/arm-none-eabi/14.2.0/../../../../arm-none-eabi/lib/thumb\libsysbase.a(libsysbase_libsysbase_a-read.o)
                0x0201eb2c                _read_r
 .text._sbrk_r  0x0201eb84       0x54 C:/devkitPro/devkitARM/bin/../lib/gcc/arm-none-eabi/14.2.0/../../../../arm-none-eabi/lib/thumb\libsysbase.a(libsysbase_libsysbase_a-sbrk.o)
                0x0201eb84                _sbrk_r
 .text._stat_r  0x0201ebd8       0x50 C:/devkitPro/devkitARM/bin/../lib/gcc/arm-none-eabi/14.2.0/../../../../arm-none-eabi/lib/thumb\libsysbase.a(libsysbase_libsysbase_a-stat.o)
                0x0201ebd8                _stat_r
 .text.__libc_lock_acquire
                0x0201ec28       0x18 C:/devkitPro/devkitARM/bin/../lib/gcc/arm-none-eabi/14.2.0/../../../../arm-none-eabi/lib/thumb\libsysbase.a(libsysbase_libsysbase_a-syscall_support.o)
                0x0201ec28                __libc_lock_acquire
 .text.__libc_lock_release
                0x0201ec40       0x18 C:/devkitPro/devkitARM/bin/../lib/gcc/arm-none-eabi/14.2.0/../../../../arm-none-eabi/lib/thumb\libsysbase.a(libsysbase_libsysbase_a-syscall_support.o)
                0x0201ec40                __libc_lock_release
 .text.__libc_lock_acquire_recursive
                0x0201ec58       0x18 C:/devkitPro/devkitARM/bin/../lib/gcc/arm-none-eabi/14.2.0/../../../../arm-none-eabi/lib/thumb\libsysbase.a(libsysbase_libsysbase_a-syscall_support.o)
                0x0201ec58                __libc_lock_acquire_recursive
 .text.__libc_lock_release_recursive
                0x0201ec70       0x18 C:/devkitPro/devkitARM/bin/../lib/gcc/arm-none-eabi/14.2.0/../../../../arm-none-eabi/lib/thumb\libsysbase.a(libsysbase_libsysbase_a-syscall_support.o)
                0x0201ec70                __libc_lock_release_recursive
 .text._write_r
                0x0201ec88       0x58 C:/devkitPro/devkitARM/bin/../lib/gcc/arm-none-eabi/14.2.0/../../../../arm-none-eabi/lib/thumb\libsysbase.a(libsysbase_libsysbase_a-write.o)
                0x0201ec88                _write_r
 .text._write_r.__stub
                0x0201ece0      0x110 linker stubs
 *(EXCLUDE_FILE(*.twl*) .gnu.warning)
 *(EXCLUDE_FILE(*.twl*) .gnu.linkonce.t*)
 *(.glue_7)
 .glue_7        0x0201ee00        0x0 linker stubs
 *(.glue_7t)
 .glue_7t       0x0201ee00        0x0 linker stubs
                0x0201ee00                        . = ALIGN (0x4)

.vfp11_veneer   0x0201ee00        0x0
 .vfp11_veneer  0x0201ee00        0x0 linker stubs

.v4_bx          0x0201ee00        0x0
 .v4_bx         0x0201ee00        0x0 linker stubs

.iplt           0x0201ee00        0x0
 .iplt          0x0201ee00        0x0 C:/devkitPro/devkitARM/bin/../lib/gcc/arm-none-eabi/14.2.0/../../../../arm-none-eabi/lib/thumb/ds_arm9_crt0.o

.fini           0x0201ee00        0xc
 *(.fini)
 .fini          0x0201ee00        0x4 C:/devkitPro/devkitARM/bin/../lib/gcc/arm-none-eabi/14.2.0/thumb/crti.o
                0x0201ee00                _fini
 .fini          0x0201ee04        0x8 C:/devkitPro/devkitARM/bin/../lib/gcc/arm-none-eabi/14.2.0/thumb/crtn.o
                0x0201ee0c                        __text_end = .

.rodata         0x0201ee10     0x6b78
 *(EXCLUDE_FILE(*.twl*) .rodata)
 .rodata        0x0201ee10       0x5c C:/devkitPro/nflib/lib\libnflib.a(nf_basic.o)
 .rodata        0x0201ee6c       0x90 C:/devkitPro/nflib/lib\libnflib.a(nf_sprite256.o)
 .rodata        0x0201eefc      0x170 C:/devkitPro/nflib/lib\libnflib.a(nf_text.o)
 *all.rodata*(*)
 *(EXCLUDE_FILE(*.twl*) .roda)
 *(EXCLUDE_FILE(*.twl*) .rodata.*)
 .rodata.str1.4
                0x0201f06c      0xa4c main.o
                                 0xac (size before relaxing)
 .rodata.str1.4
                0x0201fab8       0x27 C:/devkitPro/nflib/lib\libnflib.a(nf_2d.o)
 .rodata.str1.4
                0x0201fab8      0x6a7 C:/devkitPro/nflib/lib\libnflib.a(nf_basic.o)
 .rodata.str1.4
                0x0201fab8       0x87 C:/devkitPro/nflib/lib\libnflib.a(nf_sprite256.o)
 .rodata.str1.4
                0x0201fab8       0x41 C:/devkitPro/nflib/lib\libnflib.a(nf_text.o)
 .rodata.str1.4
                0x0201fab8       0x70 C:/devkitPro/nflib/lib\libnflib.a(nf_tiledbg.o)
 .rodata.nitroFSInit.str1.4
                0x0201fab8        0x8 C:/devkitPro/libnds/lib\libfilesystem.a(nitrofs.o)
 .rodata.str1.4
                0x0201fab8        0xe C:/devkitPro/libnds/lib\libfilesystem.a(nitrofs.o)
 .rodata.fatMount.part.0.str1.4
                0x0201fab8        0x2 C:/devkitPro/libnds/lib\libfat.a(libfat.o)
 .rodata.fatInit.str1.4
                0x0201fab8        0x3 C:/devkitPro/libnds/lib\libfat.a(libfat.o)
 .rodata.str1.4
                0x0201fab8        0x4 C:/devkitPro/libnds/lib\libfat.a(libfat.o)
 .rodata.dotab_fat
                0x0201fab8       0x70 C:/devkitPro/libnds/lib\libfat.a(libfat.o)
 .rodata.str1.4
                0x0201fb28        0x8 C:/devkitPro/libnds/lib\libfat.a(disc.o)
 .rodata._FAT_disc_interfaces
                0x0201fb28       0x18 C:/devkitPro/libnds/lib\libfat.a(disc.o)
                0x0201fb28                _FAT_disc_interfaces
 .rodata._FAT_directory_entryFromPath.str1.4
                0x0201fb40        0x7 C:/devkitPro/libnds/lib\libfat.a(directory.o)
 .rodata.ILLEGAL_ALIAS_CHARACTERS
                0x0201fb40       0x12 C:/devkitPro/libnds/lib\libfat.a(directory.o)
 *fill*         0x0201fb52        0x2 ff
 .rodata.ILLEGAL_LFN_CHARACTERS
                0x0201fb54        0xa C:/devkitPro/libnds/lib\libfat.a(directory.o)
 *fill*         0x0201fb5e        0x2 ff
 .rodata.LFN_offset_table
                0x0201fb60       0x34 C:/devkitPro/libnds/lib\libfat.a(directory.o)
 .rodata.FAT_SIG
                0x0201fb94        0x3 C:/devkitPro/libnds/lib\libfat.a(partition.o)
 *fill*         0x0201fb97        0x1 ff
 .rodata.FS_TWL_SIG
                0x0201fb98        0x8 C:/devkitPro/libnds/lib\libfat.a(partition.o)
 .rodata.con_write.str1.4
                0x0201fba0       0x30 C:/devkitPro/libnds/lib\libnds9.a(console.o)
 .rodata.con_write
                0x0201fba0       0xd4 C:/devkitPro/libnds/lib\libnds9.a(console.o)
 .rodata.str1.4
                0x0201fc74       0x14 C:/devkitPro/libnds/lib\libnds9.a(console.o)
 .rodata.dotab_stdout
                0x0201fc74       0x80 C:/devkitPro/libnds/lib\libnds9.a(console.o)
 .rodata.SIN_LUT
                0x0201fcf4      0x102 C:/devkitPro/libnds/lib\libnds9.a(trig.o)
                0x0201fcf4                SIN_LUT
 *fill*         0x0201fdf6        0x2 ff
 .rodata.default_font_bin
                0x0201fdf8     0x2000 C:/devkitPro/libnds/lib\libnds9.a(default_font.bin.o)
                0x0201fdf8                default_font_bin
                0x02021df8                default_font_bin_end
 .rodata.str1.4
                0x02021df8       0x4c C:/devkitPro/devkitARM/bin/../lib/gcc/arm-none-eabi/14.2.0/../../../../arm-none-eabi/lib/thumb\libg.a(libc_a-locale.o)
 .rodata._DAYS_BEFORE_MONTH
                0x02021df8       0x30 C:/devkitPro/devkitARM/bin/../lib/gcc/arm-none-eabi/14.2.0/../../../../arm-none-eabi/lib/thumb\libg.a(libc_a-mktime.o)
 .rodata.DAYS_IN_MONTH
                0x02021e28       0x30 C:/devkitPro/devkitARM/bin/../lib/gcc/arm-none-eabi/14.2.0/../../../../arm-none-eabi/lib/thumb\libg.a(libc_a-mktime.o)
 .rodata._ctype_
                0x02021e58      0x101 C:/devkitPro/devkitARM/bin/../lib/gcc/arm-none-eabi/14.2.0/../../../../arm-none-eabi/lib/thumb\libg.a(libc_a-ctype_.o)
                0x02021e58                _ctype_
 .rodata.str1.4
                0x02021f59        0x4 C:/devkitPro/devkitARM/bin/../lib/gcc/arm-none-eabi/14.2.0/../../../../arm-none-eabi/lib/thumb\libg.a(libc_a-tzvars.o)
 .rodata._mbrtowc_r.str1.4
                0x02021f59        0x1 C:/devkitPro/devkitARM/bin/../lib/gcc/arm-none-eabi/14.2.0/../../../../arm-none-eabi/lib/thumb\libg.a(libc_a-mbrtowc.o)
 .rodata._vfiprintf_r.str1.1
                0x02021f59       0x3b C:/devkitPro/devkitARM/bin/../lib/gcc/arm-none-eabi/14.2.0/../../../../arm-none-eabi/lib/thumb\libg.a(libc_a-vfiprintf.o)
                                 0x29 (size before relaxing)
 .rodata.zeroes.0
                0x02021f94       0x10 C:/devkitPro/devkitARM/bin/../lib/gcc/arm-none-eabi/14.2.0/../../../../arm-none-eabi/lib/thumb\libg.a(libc_a-vfiprintf.o)
 .rodata.blanks.1
                0x02021fa4       0x10 C:/devkitPro/devkitARM/bin/../lib/gcc/arm-none-eabi/14.2.0/../../../../arm-none-eabi/lib/thumb\libg.a(libc_a-vfiprintf.o)
 .rodata.basefix.0
                0x02021fb4       0x22 C:/devkitPro/devkitARM/bin/../lib/gcc/arm-none-eabi/14.2.0/../../../../arm-none-eabi/lib/thumb\libg.a(libc_a-svfiscanf.o)
 *fill*         0x02021fd6        0x2 ff
 .rodata.__month_lengths
                0x02021fd8       0x60 C:/devkitPro/devkitARM/bin/../lib/gcc/arm-none-eabi/14.2.0/../../../../arm-none-eabi/lib/thumb\libg.a(libc_a-month_lengths.o)
                0x02021fd8                __month_lengths
 .rodata._svfprintf_r.str1.1
                0x02022038       0x3b C:/devkitPro/devkitARM/bin/../lib/gcc/arm-none-eabi/14.2.0/../../../../arm-none-eabi/lib/thumb\libg.a(libc_a-svfprintf.o)
 .rodata.zeroes.0
                0x02022038       0x10 C:/devkitPro/devkitARM/bin/../lib/gcc/arm-none-eabi/14.2.0/../../../../arm-none-eabi/lib/thumb\libg.a(libc_a-svfprintf.o)
 .rodata.blanks.1
                0x02022048       0x10 C:/devkitPro/devkitARM/bin/../lib/gcc/arm-none-eabi/14.2.0/../../../../arm-none-eabi/lib/thumb\libg.a(libc_a-svfprintf.o)
 .rodata._tzset_unlocked_r.str1.4
                0x02022058       0x6b C:/devkitPro/devkitARM/bin/../lib/gcc/arm-none-eabi/14.2.0/../../../../arm-none-eabi/lib/thumb\libg.a(libc_a-tzset_r.o)
 .rodata.__action_table
                0x02022058       0x6c C:/devkitPro/devkitARM/bin/../lib/gcc/arm-none-eabi/14.2.0/../../../../arm-none-eabi/lib/thumb\libg.a(libc_a-svfiprintf.o)
                0x02022058                __action_table
 .rodata.__state_table
                0x020220c4       0x6c C:/devkitPro/devkitARM/bin/../lib/gcc/arm-none-eabi/14.2.0/../../../../arm-none-eabi/lib/thumb\libg.a(libc_a-svfiprintf.o)
                0x020220c4                __state_table
 .rodata.__chclass
                0x02022130      0x100 C:/devkitPro/devkitARM/bin/../lib/gcc/arm-none-eabi/14.2.0/../../../../arm-none-eabi/lib/thumb\libg.a(libc_a-svfiprintf.o)
                0x02022130                __chclass
 .rodata._dtoa_r.str1.4
                0x02022230       0x67 C:/devkitPro/devkitARM/bin/../lib/gcc/arm-none-eabi/14.2.0/../../../../arm-none-eabi/lib/thumb\libg.a(libc_a-dtoa.o)
 .rodata.categories
                0x02022230     0x35dc C:/devkitPro/devkitARM/bin/../lib/gcc/arm-none-eabi/14.2.0/../../../../arm-none-eabi/lib/thumb\libg.a(libc_a-categories.o)
 .rodata.__assert_func.str1.4
                0x0202580c       0x43 C:/devkitPro/devkitARM/bin/../lib/gcc/arm-none-eabi/14.2.0/../../../../arm-none-eabi/lib/thumb\libg.a(libc_a-assert.o)
 .rodata.__multadd.str1.4
                0x0202580c       0x54 C:/devkitPro/devkitARM/bin/../lib/gcc/arm-none-eabi/14.2.0/../../../../arm-none-eabi/lib/thumb\libg.a(libc_a-mprec.o)
 .rodata.p05.0  0x0202580c        0xc C:/devkitPro/devkitARM/bin/../lib/gcc/arm-none-eabi/14.2.0/../../../../arm-none-eabi/lib/thumb\libg.a(libc_a-mprec.o)
 .rodata.__mprec_bigtens
                0x02025818       0x28 C:/devkitPro/devkitARM/bin/../lib/gcc/arm-none-eabi/14.2.0/../../../../arm-none-eabi/lib/thumb\libg.a(libc_a-mprec.o)
                0x02025818                __mprec_bigtens
 .rodata.__mprec_tens
                0x02025840       0xc8 C:/devkitPro/devkitARM/bin/../lib/gcc/arm-none-eabi/14.2.0/../../../../arm-none-eabi/lib/thumb\libg.a(libc_a-mprec.o)
                0x02025840                __mprec_tens
 .rodata.AddDevice.str1.4
                0x02025908        0x8 C:/devkitPro/devkitARM/bin/../lib/gcc/arm-none-eabi/14.2.0/../../../../arm-none-eabi/lib/thumb\libsysbase.a(libsysbase_libsysbase_a-iosupport.o)
 .rodata.dotab_stdnull
                0x02025908       0x80 C:/devkitPro/devkitARM/bin/../lib/gcc/arm-none-eabi/14.2.0/../../../../arm-none-eabi/lib/thumb\libsysbase.a(libsysbase_libsysbase_a-iosupport.o)
                0x02025908                dotab_stdnull
 *(EXCLUDE_FILE(*.twl*) .gnu.linkonce.r*)
                0x02025988                        . = ALIGN (0x4)

.ARM.extab
 *(.ARM.extab* .gnu.linkonce.armextab.*)
                0x02025988                        __exidx_start = .

ARM.exidx
 *(.ARM.exidx* .gnu.linkonce.armexidx.*)
                0x02025988                        __exidx_end = .
                0x02025988                        . = ALIGN (0x4)
                0x02025988                        PROVIDE (__preinit_array_start = .)

.preinit_array
 *(.preinit_array)
                0x02025988                        PROVIDE (__preinit_array_end = .)
                0x02025988                        PROVIDE (__init_array_start = .)

.init_array     0x02025988        0x4
 *(SORT_BY_NAME(.init_array.*))
 *(.init_array)
 .init_array    0x02025988        0x4 C:/devkitPro/devkitARM/bin/../lib/gcc/arm-none-eabi/14.2.0/thumb/crtbegin.o
                0x0202598c                        PROVIDE (__init_array_end = .)
                0x0202598c                        PROVIDE (__fini_array_start = .)

.fini_array     0x0202598c        0x4
 *(.fini_array)
 .fini_array    0x0202598c        0x4 C:/devkitPro/devkitARM/bin/../lib/gcc/arm-none-eabi/14.2.0/thumb/crtbegin.o
 *(SORT_BY_NAME(.fini_array.*))
                0x02025990                        PROVIDE (__fini_array_end = .)

.ctors          0x02025990        0x0
 *crtbegin.o(.ctors)
 *(EXCLUDE_FILE(*crtend.o) .ctors)
 *(SORT_BY_NAME(.ctors.*))
 *(.ctors)
                0x02025990                        . = ALIGN (0x4)

.dtors          0x02025990        0x0
 *crtbegin.o(.dtors)
 *(EXCLUDE_FILE(*crtend.o) .dtors)
 *(SORT_BY_NAME(.dtors.*))
 *(.dtors)
                0x02025990                        . = ALIGN (0x4)

.eh_frame       0x02025990        0x4
 *(.eh_frame)
 .eh_frame      0x02025990        0x0 C:/devkitPro/devkitARM/bin/../lib/gcc/arm-none-eabi/14.2.0/thumb/crtbegin.o
 .eh_frame      0x02025990        0x4 C:/devkitPro/devkitARM/bin/../lib/gcc/arm-none-eabi/14.2.0/thumb/crtend.o
                0x02025994                        . = ALIGN (0x4)

.gcc_except_table
                0x02025994        0x0
 *(.gcc_except_table)
                0x02025994                        . = ALIGN (0x4)

.jcr
 *(.jcr)

.got
 *(.got.plt)
 *(.got)
 *(.rel.got)

.ewram          0x02025994        0x0
                0x02025994                        __ewram_start = ABSOLUTE (.)
 *(.ewram)
 *ewram.*(.text)
                0x02025994                        . = ALIGN (0x4)

.data           0x02025994     0x2528
                0x02025994                        __data_start = ABSOLUTE (.)
 *(EXCLUDE_FILE(*.twl*) .data)
 .data          0x02025994       0x28 C:/devkitPro/libnds/lib\libnds9.a(mpu_setup.o)
 *(EXCLUDE_FILE(*.twl*) .data.*)
 .data.ndsFileFD
                0x020259bc        0x4 C:/devkitPro/libnds/lib\libfilesystem.a(nitrofs.o)
 .data.nitroFSdevoptab
                0x020259c0       0x70 C:/devkitPro/libnds/lib\libfilesystem.a(nitrofs.o)
                0x020259c0                nitroFSdevoptab
 .data.syspaths
                0x02025a30        0x8 C:/devkitPro/libnds/lib\libfilesystem.a(nitrofs.o)
                0x02025a30                syspaths
 .data.firstConsoleInit.0
                0x02025a38        0x1 C:/devkitPro/libnds/lib\libnds9.a(console.o)
 *fill*         0x02025a39        0x3 ff
 .data.currentConsole
                0x02025a3c        0x4 C:/devkitPro/libnds/lib\libnds9.a(console.o)
                0x02025a3c                currentConsole
 .data.defaultConsole
                0x02025a40       0x5c C:/devkitPro/libnds/lib\libnds9.a(console.o)
                0x02025a40                defaultConsole
 .data.count    0x02025a9c        0x1 C:/devkitPro/libnds/lib\libnds9.a(keys.o)
 .data.repeat   0x02025a9d        0x1 C:/devkitPro/libnds/lib\libnds9.a(keys.o)
 .data.delay    0x02025a9e        0x1 C:/devkitPro/libnds/lib\libnds9.a(keys.o)
 *fill*         0x02025a9f        0x1 ff
 .data.oamSub   0x02025aa0       0x18 C:/devkitPro/libnds/lib\libnds9.a(sprite.o)
                0x02025aa0                oamSub
 .data.oamMain  0x02025ab8       0x18 C:/devkitPro/libnds/lib\libnds9.a(sprite.o)
                0x02025ab8                oamMain
 .data.fifo_freewords
                0x02025ad0        0x4 C:/devkitPro/libnds/lib\libnds9.a(fifosystem.o)
                0x02025ad0                fifo_freewords
 .data.fifo_receive_queue
                0x02025ad4        0x4 C:/devkitPro/libnds/lib\libnds9.a(fifosystem.o)
                0x02025ad4                fifo_receive_queue
 .data.fifo_send_queue
                0x02025ad8        0x4 C:/devkitPro/libnds/lib\libnds9.a(fifosystem.o)
                0x02025ad8                fifo_send_queue
 .data.fifo_buffer_free
                0x02025adc        0x4 C:/devkitPro/libnds/lib\libnds9.a(fifosystem.o)
                0x02025adc                fifo_buffer_free
 .data.bgTransform
                0x02025ae0       0x20 C:/devkitPro/libnds/lib\libnds9.a(background.o)
                0x02025ae0                bgTransform
 .data.bgScrollTable
                0x02025b00       0x20 C:/devkitPro/libnds/lib\libnds9.a(background.o)
                0x02025b00                bgScrollTable
 .data.bgControl
                0x02025b20       0x20 C:/devkitPro/libnds/lib\libnds9.a(background.o)
                0x02025b20                bgControl
 .data.__global_locale
                0x02025b40      0x16c C:/devkitPro/devkitARM/bin/../lib/gcc/arm-none-eabi/14.2.0/../../../../arm-none-eabi/lib/thumb\libg.a(libc_a-locale.o)
                0x02025b40                __global_locale
 .data.__sglue  0x02025cac        0xc C:/devkitPro/devkitARM/bin/../lib/gcc/arm-none-eabi/14.2.0/../../../../arm-none-eabi/lib/thumb\libg.a(libc_a-findfp.o)
                0x02025cac                __sglue
 .data.__malloc_sbrk_base
                0x02025cb8        0x4 C:/devkitPro/devkitARM/bin/../lib/gcc/arm-none-eabi/14.2.0/../../../../arm-none-eabi/lib/thumb\libg.a(libc_a-mallocr.o)
                0x02025cb8                __malloc_sbrk_base
 .data.__malloc_trim_threshold